I0417 15:48:15.910454 16064 cuckoo_watch.h:45] 1411ms in ProcessBatch(postnauka\aaaaab.batch) [including 74ms in LoadMessage; 0ms in InitializeTheta; 0ms in CreateRegularizerAgents; 61ms in InitializeSparseNdw; 914ms in InferThetaAndUpdateNwtSparse; 353ms in CalculateScore(^^^ItemsProcessedScore^^^); ]
I0417 15:48:15.914759  4664 master_component.cc:1496] RegularizeModelArgs: rwt_target_name=rwt, pwt_source_name=pwt, nwt_source_name=nwt
I0417 15:48:15.914759  4664 master_component.cc:1013] MasterComponent: start regularizing model pwt
I0417 15:48:15.997939 16064 processor.cc:74] No data in processing queue, waiting...
I0417 15:48:16.038627  4664 master_component.cc:1041] MasterComponent: complete regularizing model pwt
I0417 15:48:16.038627  4664 master_component.cc:1509] NormalizeModelArgs: pwt_target_name=pwt, nwt_source_name=nwt, rwt_source_name=rwt
I0417 15:48:16.038627  4664 master_component.cc:1045] MasterComponent: start normalizing model nwt
I0417 15:48:16.125785  4664 master_component.cc:1084] MasterComponent: complete normalizing model nwt
I0417 15:48:16.292513  4664 master_component.cc:1533] DisposeModel rwt
I0417 15:48:16.305644  4664 master_component.cc:1112] FitOffline: ItemsProcessed, num_items=1728, num_batches=2, token_weight=808522, token_weight_in_effect=808522
I0417 15:48:16.305644  4664 c_interface.cc:389] Pass FitOfflineMasterModelArgs, batch_filename_size=2, batch_weight_size=2, num_collection_passes=1, reset_nwt=yes to void (__cdecl artm::core::MasterComponent::*)(class artm::FitOfflineMasterModelArgs const & __ptr64) __ptr64
I0417 15:48:16.305644  4664 master_component.cc:1458] ProcessBatchesArgs: nwt_target_name=nwt, batch_filename_size=2, batch_size=0, batch_weight_size=2, pwt_source_name=pwt, num_document_passes=10, regularizer=(name:SmoothPhi, tau:100000), reuse_theta=no, opt_for_avx=yes, predict_class_id=, reset_nwt=yes
I0417 15:48:16.344133  5156 processor.cc:81] Processing queue has data, processing started
I0417 15:48:16.344133  2136 processor.cc:81] Processing queue has data, processing started
I0417 15:48:16.376986  5156 processor.cc:158] Processor: start processing batch b2f94e05-ef86-4190-81db-4013c144d259 into model nwt
I0417 15:48:16.408043  2136 processor.cc:158] Processor: start processing batch 42cd4832-76ea-46ac-b575-419694a0e109 into model nwt
I0417 15:48:17.093394  5156 processor.cc:293] Processor: complete processing batch b2f94e05-ef86-4190-81db-4013c144d259 into model nwt
I0417 15:48:17.098620  5156 cuckoo_watch.h:45] 755ms in ProcessBatch(postnauka\aaaaaa.batch) [including 34ms in LoadMessage; 0ms in InitializeTheta; 0ms in CreateRegularizerAgents; 30ms in InitializeSparseNdw; 464ms in InferThetaAndUpdateNwtSparse; 221ms in CalculateScore(^^^ItemsProcessedScore^^^); ]
I0417 15:48:17.174842  5156 processor.cc:74] No data in processing queue, waiting...
I0417 15:48:17.776038  2136 processor.cc:293] Processor: complete processing batch 42cd4832-76ea-46ac-b575-419694a0e109 into model nwt
I0417 15:48:17.784165  2136 cuckoo_watch.h:45] 1443ms in ProcessBatch(postnauka\aaaaab.batch) [including 63ms in LoadMessage; 0ms in InitializeTheta; 0ms in CreateRegularizerAgents; 72ms in InitializeSparseNdw; 949ms in InferThetaAndUpdateNwtSparse; 346ms in CalculateScore(^^^ItemsProcessedScore^^^); ]
I0417 15:48:17.788290  4664 master_component.cc:1496] RegularizeModelArgs: rwt_target_name=rwt, pwt_source_name=pwt, nwt_source_name=nwt
I0417 15:48:17.788506  4664 master_component.cc:1013] MasterComponent: start regularizing model pwt
I0417 15:48:17.868654  2136 processor.cc:74] No data in processing queue, waiting...
I0417 15:48:17.912925  4664 master_component.cc:1041] MasterComponent: complete regularizing model pwt
I0417 15:48:17.912925  4664 master_component.cc:1509] NormalizeModelArgs: pwt_target_name=pwt, nwt_source_name=nwt, rwt_source_name=rwt
I0417 15:48:17.912925  4664 master_component.cc:1045] MasterComponent: start normalizing model nwt
I0417 15:48:18.000768  4664 master_component.cc:1084] MasterComponent: complete normalizing model nwt
I0417 15:48:18.167353  4664 master_component.cc:1533] DisposeModel rwt
I0417 15:48:18.180696  4664 master_component.cc:1112] FitOffline: ItemsProcessed, num_items=1728, num_batches=2, token_weight=808522, token_weight_in_effect=808522
I0417 15:48:18.180696  4664 c_interface.cc:389] Pass FitOfflineMasterModelArgs, batch_filename_size=2, batch_weight_size=2, num_collection_passes=1, reset_nwt=yes to void (__cdecl artm::core::MasterComponent::*)(class artm::FitOfflineMasterModelArgs const & __ptr64) __ptr64
I0417 15:48:18.180696  4664 master_component.cc:1458] ProcessBatchesArgs: nwt_target_name=nwt, batch_filename_size=2, batch_size=0, batch_weight_size=2, pwt_source_name=pwt, num_document_passes=10, regularizer=(name:SmoothPhi, tau:100000), reuse_theta=no, opt_for_avx=yes, predict_class_id=, reset_nwt=yes
I0417 15:48:18.217960  6108 processor.cc:81] Processing queue has data, processing started
I0417 15:48:18.217960 16064 processor.cc:81] Processing queue has data, processing started
I0417 15:48:18.253602 16064 processor.cc:158] Processor: start processing batch b2f94e05-ef86-4190-81db-4013c144d259 into model nwt
I0417 15:48:18.293591  6108 processor.cc:158] Processor: start processing batch 42cd4832-76ea-46ac-b575-419694a0e109 into model nwt
I0417 15:48:18.900594 16064 processor.cc:293] Processor: complete processing batch b2f94e05-ef86-4190-81db-4013c144d259 into model nwt
I0417 15:48:18.904633 16064 cuckoo_watch.h:45] 687ms in ProcessBatch(postnauka\aaaaaa.batch) [including 38ms in LoadMessage; 0ms in InitializeTheta; 0ms in CreateRegularizerAgents; 28ms in InitializeSparseNdw; 435ms in InferThetaAndUpdateNwtSparse; 180ms in CalculateScore(^^^ItemsProcessedScore^^^); ]
I0417 15:48:18.984489 16064 processor.cc:74] No data in processing queue, waiting...
I0417 15:48:19.608671  6108 processor.cc:293] Processor: complete processing batch 42cd4832-76ea-46ac-b575-419694a0e109 into model nwt
I0417 15:48:19.612637  6108 cuckoo_watch.h:45] 1396ms in ProcessBatch(postnauka\aaaaab.batch) [including 76ms in LoadMessage; 0ms in InitializeTheta; 0ms in CreateRegularizerAgents; 56ms in InitializeSparseNdw; 899ms in InferThetaAndUpdateNwtSparse; 358ms in CalculateScore(^^^ItemsProcessedScore^^^); ]
I0417 15:48:19.616855  4664 master_component.cc:1496] RegularizeModelArgs: rwt_target_name=rwt, pwt_source_name=pwt, nwt_source_name=nwt
I0417 15:48:19.616855  4664 master_component.cc:1013] MasterComponent: start regularizing model pwt
I0417 15:48:19.690434  6108 processor.cc:74] No data in processing queue, waiting...
I0417 15:48:19.728705  4664 master_component.cc:1041] MasterComponent: complete regularizing model pwt
I0417 15:48:19.728705  4664 master_component.cc:1509] NormalizeModelArgs: pwt_target_name=pwt, nwt_source_name=nwt, rwt_source_name=rwt
I0417 15:48:19.728705  4664 master_component.cc:1045] MasterComponent: start normalizing model nwt
I0417 15:48:19.816236  4664 master_component.cc:1084] MasterComponent: complete normalizing model nwt
I0417 15:48:19.987432  4664 master_component.cc:1533] DisposeModel rwt
I0417 15:48:20.003409  4664 master_component.cc:1112] FitOffline: ItemsProcessed, num_items=1728, num_batches=2, token_weight=808522, token_weight_in_effect=808522
I0417 15:48:20.003409  4664 c_interface.cc:389] Pass FitOfflineMasterModelArgs, batch_filename_size=2, batch_weight_size=2, num_collection_passes=1, reset_nwt=yes to void (__cdecl artm::core::MasterComponent::*)(class artm::FitOfflineMasterModelArgs const & __ptr64) __ptr64
I0417 15:48:20.003409  4664 master_component.cc:1458] ProcessBatchesArgs: nwt_target_name=nwt, batch_filename_size=2, batch_size=0, batch_weight_size=2, pwt_source_name=pwt, num_document_passes=10, regularizer=(name:SmoothPhi, tau:100000), reuse_theta=no, opt_for_avx=yes, predict_class_id=, reset_nwt=yes
I0417 15:48:20.044791 16064 processor.cc:81] Processing queue has data, processing started
I0417 15:48:20.044791  5156 processor.cc:81] Processing queue has data, processing started
I0417 15:48:20.085660  5156 processor.cc:158] Processor: start processing batch b2f94e05-ef86-4190-81db-4013c144d259 into model nwt
I0417 15:48:20.127306 16064 processor.cc:158] Processor: start processing batch 42cd4832-76ea-46ac-b575-419694a0e109 into model nwt
I0417 15:48:20.746634  5156 processor.cc:293] Processor: complete processing batch b2f94e05-ef86-4190-81db-4013c144d259 into model nwt
I0417 15:48:20.750670  5156 cuckoo_watch.h:45] 708ms in ProcessBatch(postnauka\aaaaaa.batch) [including 41ms in LoadMessage; 0ms in InitializeTheta; 0ms in CreateRegularizerAgents; 33ms in InitializeSparseNdw; 424ms in InferThetaAndUpdateNwtSparse; 204ms in CalculateScore(^^^ItemsProcessedScore^^^); ]
I0417 15:48:20.827754  5156 processor.cc:74] No data in processing queue, waiting...
I0417 15:48:21.619585 16064 processor.cc:293] Processor: complete processing batch 42cd4832-76ea-46ac-b575-419694a0e109 into model nwt
I0417 15:48:21.623584 16064 cuckoo_watch.h:45] 1581ms in ProcessBatch(postnauka\aaaaab.batch) [including 83ms in LoadMessage; 0ms in InitializeTheta; 0ms in CreateRegularizerAgents; 64ms in InitializeSparseNdw; 907ms in InferThetaAndUpdateNwtSparse; 519ms in CalculateScore(^^^ItemsProcessedScore^^^); ]
I0417 15:48:21.627712  4664 master_component.cc:1496] RegularizeModelArgs: rwt_target_name=rwt, pwt_source_name=pwt, nwt_source_name=nwt
I0417 15:48:21.627712  4664 master_component.cc:1013] MasterComponent: start regularizing model pwt
I0417 15:48:21.706820 16064 processor.cc:74] No data in processing queue, waiting...
I0417 15:48:21.738740  4664 master_component.cc:1041] MasterComponent: complete regularizing model pwt
I0417 15:48:21.738740  4664 master_component.cc:1509] NormalizeModelArgs: pwt_target_name=pwt, nwt_source_name=nwt, rwt_source_name=rwt
I0417 15:48:21.738740  4664 master_component.cc:1045] MasterComponent: start normalizing model nwt
I0417 15:48:21.822657  4664 master_component.cc:1084] MasterComponent: complete normalizing model nwt
I0417 15:48:21.993026  4664 master_component.cc:1533] DisposeModel rwt
I0417 15:48:22.006183  4664 master_component.cc:1112] FitOffline: ItemsProcessed, num_items=1728, num_batches=2, token_weight=808522, token_weight_in_effect=808522
I0417 15:48:22.006183  4664 c_interface.cc:389] Pass FitOfflineMasterModelArgs, batch_filename_size=2, batch_weight_size=2, num_collection_passes=1, reset_nwt=yes to void (__cdecl artm::core::MasterComponent::*)(class artm::FitOfflineMasterModelArgs const & __ptr64) __ptr64
I0417 15:48:22.006183  4664 master_component.cc:1458] ProcessBatchesArgs: nwt_target_name=nwt, batch_filename_size=2, batch_size=0, batch_weight_size=2, pwt_source_name=pwt, num_document_passes=10, regularizer=(name:SmoothPhi, tau:100000), reuse_theta=no, opt_for_avx=yes, predict_class_id=, reset_nwt=yes
I0417 15:48:22.043862  5156 processor.cc:81] Processing queue has data, processing started
I0417 15:48:22.043862  2136 processor.cc:81] Processing queue has data, processing started
I0417 15:48:22.095002  5156 processor.cc:158] Processor: start processing batch b2f94e05-ef86-4190-81db-4013c144d259 into model nwt
I0417 15:48:22.140434  2136 processor.cc:158] Processor: start processing batch 42cd4832-76ea-46ac-b575-419694a0e109 into model nwt
I0417 15:48:22.795805  5156 processor.cc:293] Processor: complete processing batch b2f94e05-ef86-4190-81db-4013c144d259 into model nwt
I0417 15:48:22.799799  5156 cuckoo_watch.h:45] 759ms in ProcessBatch(postnauka\aaaaaa.batch) [including 52ms in LoadMessage; 0ms in InitializeTheta; 0ms in CreateRegularizerAgents; 39ms in InitializeSparseNdw; 479ms in InferThetaAndUpdateNwtSparse; 183ms in CalculateScore(^^^ItemsProcessedScore^^^); ]
I0417 15:48:22.876989  5156 processor.cc:74] No data in processing queue, waiting...
I0417 15:48:23.502192  2136 processor.cc:293] Processor: complete processing batch 42cd4832-76ea-46ac-b575-419694a0e109 into model nwt
I0417 15:48:23.510159  2136 cuckoo_watch.h:45] 1468ms in ProcessBatch(postnauka\aaaaab.batch) [including 98ms in LoadMessage; 0ms in InitializeTheta; 0ms in CreateRegularizerAgents; 79ms in InitializeSparseNdw; 926ms in InferThetaAndUpdateNwtSparse; 354ms in CalculateScore(^^^ItemsProcessedScore^^^); ]
I0417 15:48:23.514348  4664 master_component.cc:1496] RegularizeModelArgs: rwt_target_name=rwt, pwt_source_name=pwt, nwt_source_name=nwt
I0417 15:48:23.514348  4664 master_component.cc:1013] MasterComponent: start regularizing model pwt
I0417 15:48:23.587376  2136 processor.cc:74] No data in processing queue, waiting...
I0417 15:48:23.628587  4664 master_component.cc:1041] MasterComponent: complete regularizing model pwt
I0417 15:48:23.628587  4664 master_component.cc:1509] NormalizeModelArgs: pwt_target_name=pwt, nwt_source_name=nwt, rwt_source_name=rwt
I0417 15:48:23.628587  4664 master_component.cc:1045] MasterComponent: start normalizing model nwt
I0417 15:48:23.719404  4664 master_component.cc:1084] MasterComponent: complete normalizing model nwt
I0417 15:48:23.889447  4664 master_component.cc:1533] DisposeModel rwt
I0417 15:48:23.898882  4664 master_component.cc:1112] FitOffline: ItemsProcessed, num_items=1728, num_batches=2, token_weight=808522, token_weight_in_effect=808522
I0417 15:48:36.144989  4664 c_interface.cc:389] Pass MasterModelConfig: topic_name_size=30, score_config_size=3, num_processors=0, pwt_name=pwt, nwt_name=nwt, num_document_passes=10, regularizer=(SmoothPhi:100000), regularizer=(SparsePhi:-100000), reuse_theta=no, cache_theta=no, opt_for_avx=yes, disk_cache_path= to void (__cdecl artm::core::MasterComponent::*)(class artm::MasterModelConfig const & __ptr64) __ptr64
I0417 15:48:36.144989  4664 instance.cc:401] MasterModelConfig.processors_count is automatically set to 8
I0417 15:48:36.144989  4664 instance.cc:232] Regularizer 'SmoothPhi' was cold-reconfigured
I0417 15:48:36.144989  4664 instance.cc:232] Regularizer 'SparsePhi' was cold-reconfigured
I0417 15:48:48.661852  4664 c_interface.cc:389] Pass FitOfflineMasterModelArgs, batch_filename_size=2, batch_weight_size=2, num_collection_passes=1, reset_nwt=yes to void (__cdecl artm::core::MasterComponent::*)(class artm::FitOfflineMasterModelArgs const & __ptr64) __ptr64
I0417 15:48:48.661852  4664 master_component.cc:1458] ProcessBatchesArgs: nwt_target_name=nwt, batch_filename_size=2, batch_size=0, batch_weight_size=2, pwt_source_name=pwt, num_document_passes=10, regularizer=(name:SmoothPhi, tau:100000), regularizer=(name:SparsePhi, tau:-100000), reuse_theta=no, opt_for_avx=yes, predict_class_id=, reset_nwt=yes
I0417 15:48:48.693624 17372 processor.cc:81] Processing queue has data, processing started
I0417 15:48:48.697242  8472 processor.cc:81] Processing queue has data, processing started
I0417 15:48:48.726105 17372 processor.cc:158] Processor: start processing batch b2f94e05-ef86-4190-81db-4013c144d259 into model nwt
I0417 15:48:48.759042  8472 processor.cc:158] Processor: start processing batch 42cd4832-76ea-46ac-b575-419694a0e109 into model nwt
I0417 15:48:49.438184 17372 processor.cc:293] Processor: complete processing batch b2f94e05-ef86-4190-81db-4013c144d259 into model nwt
I0417 15:48:49.438184 17372 cuckoo_watch.h:45] 748ms in ProcessBatch(postnauka\aaaaaa.batch) [including 32ms in LoadMessage; 0ms in InitializeTheta; 0ms in CreateRegularizerAgents; 14ms in InitializeSparseNdw; 495ms in InferThetaAndUpdateNwtSparse; 201ms in CalculateScore(^^^ItemsProcessedScore^^^); ]
I0417 15:48:49.515663 17372 processor.cc:74] No data in processing queue, waiting...
I0417 15:48:50.147163  8472 processor.cc:293] Processor: complete processing batch 42cd4832-76ea-46ac-b575-419694a0e109 into model nwt
I0417 15:48:50.151162  8472 cuckoo_watch.h:45] 1456ms in ProcessBatch(postnauka\aaaaab.batch) [including 63ms in LoadMessage; 0ms in InitializeTheta; 0ms in CreateRegularizerAgents; 78ms in InitializeSparseNdw; 945ms in InferThetaAndUpdateNwtSparse; 362ms in CalculateScore(^^^ItemsProcessedScore^^^); ]
I0417 15:48:50.155330  4664 master_component.cc:1496] RegularizeModelArgs: rwt_target_name=rwt, pwt_source_name=pwt, nwt_source_name=nwt
I0417 15:48:50.155330  4664 master_component.cc:1013] MasterComponent: start regularizing model pwt
I0417 15:48:50.227057  8472 processor.cc:74] No data in processing queue, waiting...
I0417 15:48:50.276672  4664 master_component.cc:1041] MasterComponent: complete regularizing model pwt
I0417 15:48:50.276672  4664 master_component.cc:1509] NormalizeModelArgs: pwt_target_name=pwt, nwt_source_name=nwt, rwt_source_name=rwt
I0417 15:48:50.276672  4664 master_component.cc:1045] MasterComponent: start normalizing model nwt
I0417 15:48:50.366080  4664 master_component.cc:1084] MasterComponent: complete normalizing model nwt
I0417 15:48:50.531914  4664 master_component.cc:1533] DisposeModel rwt
I0417 15:48:50.545064  4664 master_component.cc:1112] FitOffline: ItemsProcessed, num_items=1728, num_batches=2, token_weight=808522, token_weight_in_effect=808522
I0417 15:48:50.545064  4664 c_interface.cc:389] Pass FitOfflineMasterModelArgs, batch_filename_size=2, batch_weight_size=2, num_collection_passes=1, reset_nwt=yes to void (__cdecl artm::core::MasterComponent::*)(class artm::FitOfflineMasterModelArgs const & __ptr64) __ptr64
I0417 15:48:50.545064  4664 master_component.cc:1458] ProcessBatchesArgs: nwt_target_name=nwt, batch_filename_size=2, batch_size=0, batch_weight_size=2, pwt_source_name=pwt, num_document_passes=10, regularizer=(name:SmoothPhi, tau:100000), regularizer=(name:SparsePhi, tau:-100000), reuse_theta=no, opt_for_avx=yes, predict_class_id=, reset_nwt=yes
I0417 15:48:50.581614  5156 processor.cc:81] Processing queue has data, processing started
I0417 15:48:50.581614 16064 processor.cc:81] Processing queue has data, processing started
I0417 15:48:50.614061 16064 processor.cc:158] Processor: start processing batch b2f94e05-ef86-4190-81db-4013c144d259 into model nwt
I0417 15:48:50.640765  5156 processor.cc:158] Processor: start processing batch 42cd4832-76ea-46ac-b575-419694a0e109 into model nwt
I0417 15:48:51.271433 16064 processor.cc:293] Processor: complete processing batch b2f94e05-ef86-4190-81db-4013c144d259 into model nwt
I0417 15:48:51.275429 16064 cuckoo_watch.h:45] 695ms in ProcessBatch(postnauka\aaaaaa.batch) [including 35ms in LoadMessage; 0ms in InitializeTheta; 0ms in CreateRegularizerAgents; 22ms in InitializeSparseNdw; 446ms in InferThetaAndUpdateNwtSparse; 186ms in CalculateScore(^^^ItemsProcessedScore^^^); ]
I0417 15:48:51.351327 16064 processor.cc:74] No data in processing queue, waiting...
I0417 15:48:51.967157  5156 processor.cc:293] Processor: complete processing batch 42cd4832-76ea-46ac-b575-419694a0e109 into model nwt
I0417 15:48:51.977377  5156 cuckoo_watch.h:45] 1395ms in ProcessBatch(postnauka\aaaaab.batch) [including 62ms in LoadMessage; 0ms in InitializeTheta; 0ms in CreateRegularizerAgents; 65ms in InitializeSparseNdw; 910ms in InferThetaAndUpdateNwtSparse; 348ms in CalculateScore(^^^ItemsProcessedScore^^^); ]
I0417 15:48:51.978488  4664 master_component.cc:1496] RegularizeModelArgs: rwt_target_name=rwt, pwt_source_name=pwt, nwt_source_name=nwt
I0417 15:48:51.978488  4664 master_component.cc:1013] MasterComponent: start regularizing model pwt
I0417 15:48:52.054992  5156 processor.cc:74] No data in processing queue, waiting...
I0417 15:48:52.075495  4664 master_component.cc:1041] MasterComponent: complete regularizing model pwt
I0417 15:48:52.075495  4664 master_component.cc:1509] NormalizeModelArgs: pwt_target_name=pwt, nwt_source_name=nwt, rwt_source_name=rwt
I0417 15:48:52.075495  4664 master_component.cc:1045] MasterComponent: start normalizing model nwt
I0417 15:48:52.139793  4664 master_component.cc:1084] MasterComponent: complete normalizing model nwt
I0417 15:48:52.294744  4664 master_component.cc:1533] DisposeModel rwt
I0417 15:48:52.317008  4664 master_component.cc:1112] FitOffline: ItemsProcessed, num_items=1728, num_batches=2, token_weight=808522, token_weight_in_effect=808522
I0417 15:48:52.317008  4664 c_interface.cc:389] Pass FitOfflineMasterModelArgs, batch_filename_size=2, batch_weight_size=2, num_collection_passes=1, reset_nwt=yes to void (__cdecl artm::core::MasterComponent::*)(class artm::FitOfflineMasterModelArgs const & __ptr64) __ptr64
I0417 15:48:52.317008  4664 master_component.cc:1458] ProcessBatchesArgs: nwt_target_name=nwt, batch_filename_size=2, batch_size=0, batch_weight_size=2, pwt_source_name=pwt, num_document_passes=10, regularizer=(name:SmoothPhi, tau:100000), regularizer=(name:SparsePhi, tau:-100000), reuse_theta=no, opt_for_avx=yes, predict_class_id=, reset_nwt=yes
I0417 15:48:52.380796 16064 processor.cc:81] Processing queue has data, processing started
I0417 15:48:52.380796 10496 processor.cc:81] Processing queue has data, processing started
I0417 15:48:52.433938 16064 processor.cc:158] Processor: start processing batch b2f94e05-ef86-4190-81db-4013c144d259 into model nwt
I0417 15:48:52.483857 10496 processor.cc:158] Processor: start processing batch 42cd4832-76ea-46ac-b575-419694a0e109 into model nwt
I0417 15:48:53.163123 16064 processor.cc:293] Processor: complete processing batch b2f94e05-ef86-4190-81db-4013c144d259 into model nwt
I0417 15:48:53.173183 16064 cuckoo_watch.h:45] 792ms in ProcessBatch(postnauka\aaaaaa.batch) [including 55ms in LoadMessage; 0ms in InitializeTheta; 0ms in CreateRegularizerAgents; 39ms in InitializeSparseNdw; 479ms in InferThetaAndUpdateNwtSparse; 209ms in CalculateScore(^^^ItemsProcessedScore^^^); ]
I0417 15:48:53.277482 16064 processor.cc:74] No data in processing queue, waiting...
I0417 15:48:53.854313 10496 processor.cc:293] Processor: complete processing batch 42cd4832-76ea-46ac-b575-419694a0e109 into model nwt
I0417 15:48:53.866945 10496 cuckoo_watch.h:45] 1486ms in ProcessBatch(postnauka\aaaaab.batch) [including 103ms in LoadMessage; 0ms in InitializeTheta; 0ms in CreateRegularizerAgents; 95ms in InitializeSparseNdw; 924ms in InferThetaAndUpdateNwtSparse; 348ms in CalculateScore(^^^ItemsProcessedScore^^^); ]
I0417 15:48:53.870031  4664 master_component.cc:1496] RegularizeModelArgs: rwt_target_name=rwt, pwt_source_name=pwt, nwt_source_name=nwt
I0417 15:48:53.870031  4664 master_component.cc:1013] MasterComponent: start regularizing model pwt
I0417 15:48:53.948966 10496 processor.cc:74] No data in processing queue, waiting...
I0417 15:48:54.063370  4664 master_component.cc:1041] MasterComponent: complete regularizing model pwt
I0417 15:48:54.063370  4664 master_component.cc:1509] NormalizeModelArgs: pwt_target_name=pwt, nwt_source_name=nwt, rwt_source_name=rwt
I0417 15:48:54.063370  4664 master_component.cc:1045] MasterComponent: start normalizing model nwt
I0417 15:48:54.158252  4664 master_component.cc:1084] MasterComponent: complete normalizing model nwt
I0417 15:48:54.342447  4664 master_component.cc:1533] DisposeModel rwt
I0417 15:48:54.361766  4664 master_component.cc:1112] FitOffline: ItemsProcessed, num_items=1728, num_batches=2, token_weight=808522, token_weight_in_effect=808522
I0417 15:48:54.361766  4664 c_interface.cc:389] Pass FitOfflineMasterModelArgs, batch_filename_size=2, batch_weight_size=2, num_collection_passes=1, reset_nwt=yes to void (__cdecl artm::core::MasterComponent::*)(class artm::FitOfflineMasterModelArgs const & __ptr64) __ptr64
I0417 15:48:54.361766  4664 master_component.cc:1458] ProcessBatchesArgs: nwt_target_name=nwt, batch_filename_size=2, batch_size=0, batch_weight_size=2, pwt_source_name=pwt, num_document_passes=10, regularizer=(name:SmoothPhi, tau:100000), regularizer=(name:SparsePhi, tau:-100000), reuse_theta=no, opt_for_avx=yes, predict_class_id=, reset_nwt=yes
I0417 15:48:54.420615 16064 processor.cc:81] Processing queue has data, processing started
I0417 15:48:54.420615  2136 processor.cc:81] Processing queue has data, processing started
I0417 15:48:54.488003 16064 processor.cc:158] Processor: start processing batch b2f94e05-ef86-4190-81db-4013c144d259 into model nwt
I0417 15:48:54.544358  2136 processor.cc:158] Processor: start processing batch 42cd4832-76ea-46ac-b575-419694a0e109 into model nwt
I0417 15:48:55.201826 16064 processor.cc:293] Processor: complete processing batch b2f94e05-ef86-4190-81db-4013c144d259 into model nwt
I0417 15:48:55.205883 16064 cuckoo_watch.h:45] 786ms in ProcessBatch(postnauka\aaaaaa.batch) [including 67ms in LoadMessage; 0ms in InitializeTheta; 0ms in CreateRegularizerAgents; 48ms in InitializeSparseNdw; 480ms in InferThetaAndUpdateNwtSparse; 185ms in CalculateScore(^^^ItemsProcessedScore^^^); ]
I0417 15:48:55.283996 16064 processor.cc:74] No data in processing queue, waiting...
I0417 15:48:56.038162  2136 processor.cc:293] Processor: complete processing batch 42cd4832-76ea-46ac-b575-419694a0e109 into model nwt
I0417 15:48:56.052644  2136 cuckoo_watch.h:45] 1632ms in ProcessBatch(postnauka\aaaaab.batch) [including 124ms in LoadMessage; 0ms in InitializeTheta; 0ms in CreateRegularizerAgents; 112ms in InitializeSparseNdw; 906ms in InferThetaAndUpdateNwtSparse; 474ms in CalculateScore(^^^ItemsProcessedScore^^^); ]
I0417 15:48:56.058136  4664 master_component.cc:1496] RegularizeModelArgs: rwt_target_name=rwt, pwt_source_name=pwt, nwt_source_name=nwt
I0417 15:48:56.058136  4664 master_component.cc:1013] MasterComponent: start regularizing model pwt
I0417 15:48:56.156298  2136 processor.cc:74] No data in processing queue, waiting...
I0417 15:48:56.223701  4664 master_component.cc:1041] MasterComponent: complete regularizing model pwt
I0417 15:48:56.223701  4664 master_component.cc:1509] NormalizeModelArgs: pwt_target_name=pwt, nwt_source_name=nwt, rwt_source_name=rwt
I0417 15:48:56.223701  4664 master_component.cc:1045] MasterComponent: start normalizing model nwt
I0417 15:48:56.368943  4664 master_component.cc:1084] MasterComponent: complete normalizing model nwt
I0417 15:48:56.595412  4664 master_component.cc:1533] DisposeModel rwt
I0417 15:48:56.609149  4664 master_component.cc:1112] FitOffline: ItemsProcessed, num_items=1728, num_batches=2, token_weight=808522, token_weight_in_effect=808522
I0417 15:48:56.609724  4664 c_interface.cc:389] Pass FitOfflineMasterModelArgs, batch_filename_size=2, batch_weight_size=2, num_collection_passes=1, reset_nwt=yes to void (__cdecl artm::core::MasterComponent::*)(class artm::FitOfflineMasterModelArgs const & __ptr64) __ptr64
I0417 15:48:56.609724  4664 master_component.cc:1458] ProcessBatchesArgs: nwt_target_name=nwt, batch_filename_size=2, batch_size=0, batch_weight_size=2, pwt_source_name=pwt, num_document_passes=10, regularizer=(name:SmoothPhi, tau:100000), regularizer=(name:SparsePhi, tau:-100000), reuse_theta=no, opt_for_avx=yes, predict_class_id=, reset_nwt=yes
I0417 15:48:56.647595 16300 processor.cc:81] Processing queue has data, processing started
I0417 15:48:56.647595 16064 processor.cc:81] Processing queue has data, processing started
I0417 15:48:56.692582 16064 processor.cc:158] Processor: start processing batch b2f94e05-ef86-4190-81db-4013c144d259 into model nwt
I0417 15:48:56.729837 16300 processor.cc:158] Processor: start processing batch 42cd4832-76ea-46ac-b575-419694a0e109 into model nwt
I0417 15:48:57.373450 16064 processor.cc:293] Processor: complete processing batch b2f94e05-ef86-4190-81db-4013c144d259 into model nwt
I0417 15:48:57.378149 16064 cuckoo_watch.h:45] 730ms in ProcessBatch(postnauka\aaaaaa.batch) [including 44ms in LoadMessage; 0ms in InitializeTheta; 0ms in CreateRegularizerAgents; 32ms in InitializeSparseNdw; 437ms in InferThetaAndUpdateNwtSparse; 210ms in CalculateScore(^^^ItemsProcessedScore^^^); ]
I0417 15:48:57.460265 16064 processor.cc:74] No data in processing queue, waiting...
I0417 15:48:58.208128 16300 processor.cc:293] Processor: complete processing batch 42cd4832-76ea-46ac-b575-419694a0e109 into model nwt
I0417 15:48:58.213730 16300 cuckoo_watch.h:45] 1566ms in ProcessBatch(postnauka\aaaaab.batch) [including 84ms in LoadMessage; 0ms in InitializeTheta; 0ms in CreateRegularizerAgents; 60ms in InitializeSparseNdw; 1022ms in InferThetaAndUpdateNwtSparse; 390ms in CalculateScore(^^^ItemsProcessedScore^^^); ]
I0417 15:48:58.218478  4664 master_component.cc:1496] RegularizeModelArgs: rwt_target_name=rwt, pwt_source_name=pwt, nwt_source_name=nwt
I0417 15:48:58.218478  4664 master_component.cc:1013] MasterComponent: start regularizing model pwt
I0417 15:48:58.299067 16300 processor.cc:74] No data in processing queue, waiting...
I0417 15:48:58.334779  4664 master_component.cc:1041] MasterComponent: complete regularizing model pwt
I0417 15:48:58.334779  4664 master_component.cc:1509] NormalizeModelArgs: pwt_target_name=pwt, nwt_source_name=nwt, rwt_source_name=rwt
I0417 15:48:58.334779  4664 master_component.cc:1045] MasterComponent: start normalizing model nwt
I0417 15:48:58.412798  4664 master_component.cc:1084] MasterComponent: complete normalizing model nwt
I0417 15:48:58.604452  4664 master_component.cc:1533] DisposeModel rwt
I0417 15:48:58.635520  4664 master_component.cc:1112] FitOffline: ItemsProcessed, num_items=1728, num_batches=2, token_weight=808522, token_weight_in_effect=808522
I0417 15:48:58.636601  4664 c_interface.cc:389] Pass FitOfflineMasterModelArgs, batch_filename_size=2, batch_weight_size=2, num_collection_passes=1, reset_nwt=yes to void (__cdecl artm::core::MasterComponent::*)(class artm::FitOfflineMasterModelArgs const & __ptr64) __ptr64
I0417 15:48:58.636601  4664 master_component.cc:1458] ProcessBatchesArgs: nwt_target_name=nwt, batch_filename_size=2, batch_size=0, batch_weight_size=2, pwt_source_name=pwt, num_document_passes=10, regularizer=(name:SmoothPhi, tau:100000), regularizer=(name:SparsePhi, tau:-100000), reuse_theta=no, opt_for_avx=yes, predict_class_id=, reset_nwt=yes
I0417 15:48:58.694316  6108 processor.cc:81] Processing queue has data, processing started
I0417 15:48:58.694316  2136 processor.cc:81] Processing queue has data, processing started
I0417 15:48:58.729527  6108 processor.cc:158] Processor: start processing batch b2f94e05-ef86-4190-81db-4013c144d259 into model nwt
I0417 15:48:58.754631  2136 processor.cc:158] Processor: start processing batch 42cd4832-76ea-46ac-b575-419694a0e109 into model nwt
I0417 15:48:59.370268  6108 processor.cc:293] Processor: complete processing batch b2f94e05-ef86-4190-81db-4013c144d259 into model nwt
I0417 15:48:59.373502  6108 cuckoo_watch.h:45] 679ms in ProcessBatch(postnauka\aaaaaa.batch) [including 35ms in LoadMessage; 0ms in InitializeTheta; 0ms in CreateRegularizerAgents; 24ms in InitializeSparseNdw; 412ms in InferThetaAndUpdateNwtSparse; 203ms in CalculateScore(^^^ItemsProcessedScore^^^); ]
I0417 15:48:59.467026  6108 processor.cc:74] No data in processing queue, waiting...
I0417 15:49:00.103500  2136 processor.cc:293] Processor: complete processing batch 42cd4832-76ea-46ac-b575-419694a0e109 into model nwt
I0417 15:49:00.111622  2136 cuckoo_watch.h:45] 1419ms in ProcessBatch(postnauka\aaaaab.batch) [including 60ms in LoadMessage; 0ms in InitializeTheta; 0ms in CreateRegularizerAgents; 48ms in InitializeSparseNdw; 887ms in InferThetaAndUpdateNwtSparse; 413ms in CalculateScore(^^^ItemsProcessedScore^^^); ]
I0417 15:49:00.115772  4664 master_component.cc:1496] RegularizeModelArgs: rwt_target_name=rwt, pwt_source_name=pwt, nwt_source_name=nwt
I0417 15:49:00.115772  4664 master_component.cc:1013] MasterComponent: start regularizing model pwt
I0417 15:49:00.191368  2136 processor.cc:74] No data in processing queue, waiting...
I0417 15:49:00.240638  4664 master_component.cc:1041] MasterComponent: complete regularizing model pwt
I0417 15:49:00.240638  4664 master_component.cc:1509] NormalizeModelArgs: pwt_target_name=pwt, nwt_source_name=nwt, rwt_source_name=rwt
I0417 15:49:00.240638  4664 master_component.cc:1045] MasterComponent: start normalizing model nwt
I0417 15:49:00.330590  4664 master_component.cc:1084] MasterComponent: complete normalizing model nwt
I0417 15:49:00.483817  4664 master_component.cc:1533] DisposeModel rwt
I0417 15:49:00.507789  4664 master_component.cc:1112] FitOffline: ItemsProcessed, num_items=1728, num_batches=2, token_weight=808522, token_weight_in_effect=808522
I0417 15:49:00.507823  4664 c_interface.cc:389] Pass FitOfflineMasterModelArgs, batch_filename_size=2, batch_weight_size=2, num_collection_passes=1, reset_nwt=yes to void (__cdecl artm::core::MasterComponent::*)(class artm::FitOfflineMasterModelArgs const & __ptr64) __ptr64
I0417 15:49:00.507823  4664 master_component.cc:1458] ProcessBatchesArgs: nwt_target_name=nwt, batch_filename_size=2, batch_size=0, batch_weight_size=2, pwt_source_name=pwt, num_document_passes=10, regularizer=(name:SmoothPhi, tau:100000), regularizer=(name:SparsePhi, tau:-100000), reuse_theta=no, opt_for_avx=yes, predict_class_id=, reset_nwt=yes
I0417 15:49:00.576985 16064 processor.cc:81] Processing queue has data, processing started
I0417 15:49:00.576985 17372 processor.cc:81] Processing queue has data, processing started
I0417 15:49:00.652720 16064 processor.cc:158] Processor: start processing batch b2f94e05-ef86-4190-81db-4013c144d259 into model nwt
I0417 15:49:00.711658 17372 processor.cc:158] Processor: start processing batch 42cd4832-76ea-46ac-b575-419694a0e109 into model nwt
I0417 15:49:01.296052 16064 processor.cc:293] Processor: complete processing batch b2f94e05-ef86-4190-81db-4013c144d259 into model nwt
I0417 15:49:01.303058 16064 cuckoo_watch.h:45] 726ms in ProcessBatch(postnauka\aaaaaa.batch) [including 79ms in LoadMessage; 0ms in InitializeTheta; 0ms in CreateRegularizerAgents; 46ms in InitializeSparseNdw; 410ms in InferThetaAndUpdateNwtSparse; 184ms in CalculateScore(^^^ItemsProcessedScore^^^); ]
I0417 15:49:01.389649 16064 processor.cc:74] No data in processing queue, waiting...
I0417 15:49:01.961174 17372 processor.cc:293] Processor: complete processing batch 42cd4832-76ea-46ac-b575-419694a0e109 into model nwt
I0417 15:49:01.970397 17372 cuckoo_watch.h:45] 1393ms in ProcessBatch(postnauka\aaaaab.batch) [including 134ms in LoadMessage; 0ms in InitializeTheta; 0ms in CreateRegularizerAgents; 67ms in InitializeSparseNdw; 828ms in InferThetaAndUpdateNwtSparse; 353ms in CalculateScore(^^^ItemsProcessedScore^^^); ]
I0417 15:49:01.973788  4664 master_component.cc:1496] RegularizeModelArgs: rwt_target_name=rwt, pwt_source_name=pwt, nwt_source_name=nwt
I0417 15:49:01.973788  4664 master_component.cc:1013] MasterComponent: start regularizing model pwt
I0417 15:49:02.055181 17372 processor.cc:74] No data in processing queue, waiting...
I0417 15:49:02.127733  4664 master_component.cc:1041] MasterComponent: complete regularizing model pwt
I0417 15:49:02.127733  4664 master_component.cc:1509] NormalizeModelArgs: pwt_target_name=pwt, nwt_source_name=nwt, rwt_source_name=rwt
I0417 15:49:02.127733  4664 master_component.cc:1045] MasterComponent: start normalizing model nwt
I0417 15:49:02.294564  4664 master_component.cc:1084] MasterComponent: complete normalizing model nwt
I0417 15:49:02.449105  4664 master_component.cc:1533] DisposeModel rwt
I0417 15:49:02.457785  4664 master_component.cc:1112] FitOffline: ItemsProcessed, num_items=1728, num_batches=2, token_weight=808522, token_weight_in_effect=808522
I0417 15:49:02.457785  4664 c_interface.cc:389] Pass FitOfflineMasterModelArgs, batch_filename_size=2, batch_weight_size=2, num_collection_passes=1, reset_nwt=yes to void (__cdecl artm::core::MasterComponent::*)(class artm::FitOfflineMasterModelArgs const & __ptr64) __ptr64
I0417 15:49:02.457785  4664 master_component.cc:1458] ProcessBatchesArgs: nwt_target_name=nwt, batch_filename_size=2, batch_size=0, batch_weight_size=2, pwt_source_name=pwt, num_document_passes=10, regularizer=(name:SmoothPhi, tau:100000), regularizer=(name:SparsePhi, tau:-100000), reuse_theta=no, opt_for_avx=yes, predict_class_id=, reset_nwt=yes
I0417 15:49:02.490893  5156 processor.cc:81] Processing queue has data, processing started
I0417 15:49:02.498720  6108 processor.cc:81] Processing queue has data, processing started
I0417 15:49:02.523479  5156 processor.cc:158] Processor: start processing batch b2f94e05-ef86-4190-81db-4013c144d259 into model nwt
I0417 15:49:02.563423  6108 processor.cc:158] Processor: start processing batch 42cd4832-76ea-46ac-b575-419694a0e109 into model nwt
I0417 15:49:03.137548  5156 processor.cc:293] Processor: complete processing batch b2f94e05-ef86-4190-81db-4013c144d259 into model nwt
I0417 15:49:03.138546  5156 cuckoo_watch.h:45] 650ms in ProcessBatch(postnauka\aaaaaa.batch) [including 32ms in LoadMessage; 0ms in InitializeTheta; 0ms in CreateRegularizerAgents; 25ms in InitializeSparseNdw; 379ms in InferThetaAndUpdateNwtSparse; 208ms in CalculateScore(^^^ItemsProcessedScore^^^); ]
I0417 15:49:03.217135  5156 processor.cc:74] No data in processing queue, waiting...
I0417 15:49:03.903659  6108 processor.cc:293] Processor: complete processing batch 42cd4832-76ea-46ac-b575-419694a0e109 into model nwt
I0417 15:49:03.911646  6108 cuckoo_watch.h:45] 1415ms in ProcessBatch(postnauka\aaaaab.batch) [including 64ms in LoadMessage; 0ms in InitializeTheta; 0ms in CreateRegularizerAgents; 57ms in InitializeSparseNdw; 838ms in InferThetaAndUpdateNwtSparse; 446ms in CalculateScore(^^^ItemsProcessedScore^^^); ]
I0417 15:49:03.915782  4664 master_component.cc:1496] RegularizeModelArgs: rwt_target_name=rwt, pwt_source_name=pwt, nwt_source_name=nwt
I0417 15:49:03.915782  4664 master_component.cc:1013] MasterComponent: start regularizing model pwt
I0417 15:49:03.995738  6108 processor.cc:74] No data in processing queue, waiting...
I0417 15:49:04.036965  4664 master_component.cc:1041] MasterComponent: complete regularizing model pwt
I0417 15:49:04.036965  4664 master_component.cc:1509] NormalizeModelArgs: pwt_target_name=pwt, nwt_source_name=nwt, rwt_source_name=rwt
I0417 15:49:04.036965  4664 master_component.cc:1045] MasterComponent: start normalizing model nwt
I0417 15:49:04.123888  4664 master_component.cc:1084] MasterComponent: complete normalizing model nwt
I0417 15:49:04.260107  4664 master_component.cc:1533] DisposeModel rwt
I0417 15:49:04.273236  4664 master_component.cc:1112] FitOffline: ItemsProcessed, num_items=1728, num_batches=2, token_weight=808522, token_weight_in_effect=808522
I0417 15:49:04.273236  4664 c_interface.cc:389] Pass FitOfflineMasterModelArgs, batch_filename_size=2, batch_weight_size=2, num_collection_passes=1, reset_nwt=yes to void (__cdecl artm::core::MasterComponent::*)(class artm::FitOfflineMasterModelArgs const & __ptr64) __ptr64
I0417 15:49:04.273236  4664 master_component.cc:1458] ProcessBatchesArgs: nwt_target_name=nwt, batch_filename_size=2, batch_size=0, batch_weight_size=2, pwt_source_name=pwt, num_document_passes=10, regularizer=(name:SmoothPhi, tau:100000), regularizer=(name:SparsePhi, tau:-100000), reuse_theta=no, opt_for_avx=yes, predict_class_id=, reset_nwt=yes
I0417 15:49:04.306354  8472 processor.cc:81] Processing queue has data, processing started
I0417 15:49:04.306354 16064 processor.cc:81] Processing queue has data, processing started
I0417 15:49:04.337430  8472 processor.cc:158] Processor: start processing batch b2f94e05-ef86-4190-81db-4013c144d259 into model nwt
I0417 15:49:04.369997 16064 processor.cc:158] Processor: start processing batch 42cd4832-76ea-46ac-b575-419694a0e109 into model nwt
I0417 15:49:04.995455  8472 processor.cc:293] Processor: complete processing batch b2f94e05-ef86-4190-81db-4013c144d259 into model nwt
I0417 15:49:04.999449  8472 cuckoo_watch.h:45] 694ms in ProcessBatch(postnauka\aaaaaa.batch) [including 31ms in LoadMessage; 0ms in InitializeTheta; 0ms in CreateRegularizerAgents; 26ms in InitializeSparseNdw; 428ms in InferThetaAndUpdateNwtSparse; 203ms in CalculateScore(^^^ItemsProcessedScore^^^); ]
I0417 15:49:05.082011  8472 processor.cc:74] No data in processing queue, waiting...
I0417 15:49:05.723274 16064 processor.cc:293] Processor: complete processing batch 42cd4832-76ea-46ac-b575-419694a0e109 into model nwt
I0417 15:49:05.731264 16064 cuckoo_watch.h:45] 1426ms in ProcessBatch(postnauka\aaaaab.batch) [including 63ms in LoadMessage; 0ms in InitializeTheta; 0ms in CreateRegularizerAgents; 46ms in InitializeSparseNdw; 950ms in InferThetaAndUpdateNwtSparse; 356ms in CalculateScore(^^^ItemsProcessedScore^^^); ]
I0417 15:49:05.735455  4664 master_component.cc:1496] RegularizeModelArgs: rwt_target_name=rwt, pwt_source_name=pwt, nwt_source_name=nwt
I0417 15:49:05.735455  4664 master_component.cc:1013] MasterComponent: start regularizing model pwt
I0417 15:49:05.807169 16064 processor.cc:74] No data in processing queue, waiting...
I0417 15:49:05.884162  4664 master_component.cc:1041] MasterComponent: complete regularizing model pwt
I0417 15:49:05.884162  4664 master_component.cc:1509] NormalizeModelArgs: pwt_target_name=pwt, nwt_source_name=nwt, rwt_source_name=rwt
I0417 15:49:05.884162  4664 master_component.cc:1045] MasterComponent: start normalizing model nwt
I0417 15:49:05.970293  4664 master_component.cc:1084] MasterComponent: complete normalizing model nwt
I0417 15:49:06.134905  4664 master_component.cc:1533] DisposeModel rwt
I0417 15:49:06.146891  4664 master_component.cc:1112] FitOffline: ItemsProcessed, num_items=1728, num_batches=2, token_weight=808522, token_weight_in_effect=808522
I0417 15:49:06.146891  4664 c_interface.cc:389] Pass FitOfflineMasterModelArgs, batch_filename_size=2, batch_weight_size=2, num_collection_passes=1, reset_nwt=yes to void (__cdecl artm::core::MasterComponent::*)(class artm::FitOfflineMasterModelArgs const & __ptr64) __ptr64
I0417 15:49:06.146891  4664 master_component.cc:1458] ProcessBatchesArgs: nwt_target_name=nwt, batch_filename_size=2, batch_size=0, batch_weight_size=2, pwt_source_name=pwt, num_document_passes=10, regularizer=(name:SmoothPhi, tau:100000), regularizer=(name:SparsePhi, tau:-100000), reuse_theta=no, opt_for_avx=yes, predict_class_id=, reset_nwt=yes
I0417 15:49:06.184739 16300 processor.cc:81] Processing queue has data, processing started
I0417 15:49:06.184739  5156 processor.cc:81] Processing queue has data, processing started
I0417 15:49:06.224524  5156 processor.cc:158] Processor: start processing batch b2f94e05-ef86-4190-81db-4013c144d259 into model nwt
I0417 15:49:06.256567 16300 processor.cc:158] Processor: start processing batch 42cd4832-76ea-46ac-b575-419694a0e109 into model nwt
I0417 15:49:06.893430  5156 processor.cc:293] Processor: complete processing batch b2f94e05-ef86-4190-81db-4013c144d259 into model nwt
I0417 15:49:06.897495  5156 cuckoo_watch.h:45] 712ms in ProcessBatch(postnauka\aaaaaa.batch) [including 41ms in LoadMessage; 0ms in InitializeTheta; 0ms in CreateRegularizerAgents; 28ms in InitializeSparseNdw; 437ms in InferThetaAndUpdateNwtSparse; 200ms in CalculateScore(^^^ItemsProcessedScore^^^); ]
I0417 15:49:06.982964  5156 processor.cc:74] No data in processing queue, waiting...
I0417 15:49:07.620724 16300 processor.cc:293] Processor: complete processing batch 42cd4832-76ea-46ac-b575-419694a0e109 into model nwt
I0417 15:49:07.628710 16300 cuckoo_watch.h:45] 1446ms in ProcessBatch(postnauka\aaaaab.batch) [including 74ms in LoadMessage; 0ms in InitializeTheta; 0ms in CreateRegularizerAgents; 66ms in InitializeSparseNdw; 927ms in InferThetaAndUpdateNwtSparse; 368ms in CalculateScore(^^^ItemsProcessedScore^^^); ]
I0417 15:49:07.632872  4664 master_component.cc:1496] RegularizeModelArgs: rwt_target_name=rwt, pwt_source_name=pwt, nwt_source_name=nwt
I0417 15:49:07.632872  4664 master_component.cc:1013] MasterComponent: start regularizing model pwt
I0417 15:49:07.706295 16300 processor.cc:74] No data in processing queue, waiting...
I0417 15:49:07.758335  4664 master_component.cc:1041] MasterComponent: complete regularizing model pwt
I0417 15:49:07.759371  4664 master_component.cc:1509] NormalizeModelArgs: pwt_target_name=pwt, nwt_source_name=nwt, rwt_source_name=rwt
I0417 15:49:07.759371  4664 master_component.cc:1045] MasterComponent: start normalizing model nwt
I0417 15:49:07.844535  4664 master_component.cc:1084] MasterComponent: complete normalizing model nwt
I0417 15:49:08.008790  4664 master_component.cc:1533] DisposeModel rwt
I0417 15:49:08.021817  4664 master_component.cc:1112] FitOffline: ItemsProcessed, num_items=1728, num_batches=2, token_weight=808522, token_weight_in_effect=808522
I0417 15:49:08.021817  4664 c_interface.cc:389] Pass FitOfflineMasterModelArgs, batch_filename_size=2, batch_weight_size=2, num_collection_passes=1, reset_nwt=yes to void (__cdecl artm::core::MasterComponent::*)(class artm::FitOfflineMasterModelArgs const & __ptr64) __ptr64
I0417 15:49:08.021817  4664 master_component.cc:1458] ProcessBatchesArgs: nwt_target_name=nwt, batch_filename_size=2, batch_size=0, batch_weight_size=2, pwt_source_name=pwt, num_document_passes=10, regularizer=(name:SmoothPhi, tau:100000), regularizer=(name:SparsePhi, tau:-100000), reuse_theta=no, opt_for_avx=yes, predict_class_id=, reset_nwt=yes
I0417 15:49:08.057773 16064 processor.cc:81] Processing queue has data, processing started
I0417 15:49:08.057773  2136 processor.cc:81] Processing queue has data, processing started
I0417 15:49:08.090911 16064 processor.cc:158] Processor: start processing batch b2f94e05-ef86-4190-81db-4013c144d259 into model nwt
I0417 15:49:08.122910  2136 processor.cc:158] Processor: start processing batch 42cd4832-76ea-46ac-b575-419694a0e109 into model nwt
I0417 15:49:08.782673 16064 processor.cc:293] Processor: complete processing batch b2f94e05-ef86-4190-81db-4013c144d259 into model nwt
I0417 15:49:08.783670 16064 cuckoo_watch.h:45] 728ms in ProcessBatch(postnauka\aaaaaa.batch) [including 36ms in LoadMessage; 0ms in InitializeTheta; 0ms in CreateRegularizerAgents; 27ms in InitializeSparseNdw; 456ms in InferThetaAndUpdateNwtSparse; 203ms in CalculateScore(^^^ItemsProcessedScore^^^); ]
I0417 15:49:08.862331 16064 processor.cc:74] No data in processing queue, waiting...
I0417 15:49:09.490319  2136 processor.cc:293] Processor: complete processing batch 42cd4832-76ea-46ac-b575-419694a0e109 into model nwt
I0417 15:49:09.494316  2136 cuckoo_watch.h:45] 1439ms in ProcessBatch(postnauka\aaaaab.batch) [including 68ms in LoadMessage; 0ms in InitializeTheta; 0ms in CreateRegularizerAgents; 63ms in InitializeSparseNdw; 939ms in InferThetaAndUpdateNwtSparse; 362ms in CalculateScore(^^^ItemsProcessedScore^^^); ]
I0417 15:49:09.498425  4664 master_component.cc:1496] RegularizeModelArgs: rwt_target_name=rwt, pwt_source_name=pwt, nwt_source_name=nwt
I0417 15:49:09.498425  4664 master_component.cc:1013] MasterComponent: start regularizing model pwt
I0417 15:49:09.576540  2136 processor.cc:74] No data in processing queue, waiting...
I0417 15:49:09.620520  4664 master_component.cc:1041] MasterComponent: complete regularizing model pwt
I0417 15:49:09.620520  4664 master_component.cc:1509] NormalizeModelArgs: pwt_target_name=pwt, nwt_source_name=nwt, rwt_source_name=rwt
I0417 15:49:09.620520  4664 master_component.cc:1045] MasterComponent: start normalizing model nwt
I0417 15:49:09.706210  4664 master_component.cc:1084] MasterComponent: complete normalizing model nwt
I0417 15:49:09.871083  4664 master_component.cc:1533] DisposeModel rwt
I0417 15:49:09.887065  4664 master_component.cc:1112] FitOffline: ItemsProcessed, num_items=1728, num_batches=2, token_weight=808522, token_weight_in_effect=808522
I0417 15:49:09.887065  4664 c_interface.cc:389] Pass FitOfflineMasterModelArgs, batch_filename_size=2, batch_weight_size=2, num_collection_passes=1, reset_nwt=yes to void (__cdecl artm::core::MasterComponent::*)(class artm::FitOfflineMasterModelArgs const & __ptr64) __ptr64
I0417 15:49:09.887065  4664 master_component.cc:1458] ProcessBatchesArgs: nwt_target_name=nwt, batch_filename_size=2, batch_size=0, batch_weight_size=2, pwt_source_name=pwt, num_document_passes=10, regularizer=(name:SmoothPhi, tau:100000), regularizer=(name:SparsePhi, tau:-100000), reuse_theta=no, opt_for_avx=yes, predict_class_id=, reset_nwt=yes
I0417 15:49:09.924088  5156 processor.cc:81] Processing queue has data, processing started
I0417 15:49:09.924088 16064 processor.cc:81] Processing queue has data, processing started
I0417 15:49:09.964592 16064 processor.cc:158] Processor: start processing batch b2f94e05-ef86-4190-81db-4013c144d259 into model nwt
I0417 15:49:09.999140  5156 processor.cc:158] Processor: start processing batch 42cd4832-76ea-46ac-b575-419694a0e109 into model nwt
I0417 15:49:10.612089 16064 processor.cc:293] Processor: complete processing batch b2f94e05-ef86-4190-81db-4013c144d259 into model nwt
I0417 15:49:10.616236 16064 cuckoo_watch.h:45] 692ms in ProcessBatch(postnauka\aaaaaa.batch) [including 43ms in LoadMessage; 0ms in InitializeTheta; 0ms in CreateRegularizerAgents; 27ms in InitializeSparseNdw; 442ms in InferThetaAndUpdateNwtSparse; 174ms in CalculateScore(^^^ItemsProcessedScore^^^); ]
I0417 15:49:10.699398 16064 processor.cc:74] No data in processing queue, waiting...
I0417 15:49:11.300094  5156 processor.cc:293] Processor: complete processing batch 42cd4832-76ea-46ac-b575-419694a0e109 into model nwt
I0417 15:49:11.308085  5156 cuckoo_watch.h:45] 1384ms in ProcessBatch(postnauka\aaaaab.batch) [including 75ms in LoadMessage; 0ms in InitializeTheta; 0ms in CreateRegularizerAgents; 59ms in InitializeSparseNdw; 895ms in InferThetaAndUpdateNwtSparse; 346ms in CalculateScore(^^^ItemsProcessedScore^^^); ]
I0417 15:49:11.312101  4664 master_component.cc:1496] RegularizeModelArgs: rwt_target_name=rwt, pwt_source_name=pwt, nwt_source_name=nwt
I0417 15:49:11.312101  4664 master_component.cc:1013] MasterComponent: start regularizing model pwt
I0417 15:49:11.385403  5156 processor.cc:74] No data in processing queue, waiting...
I0417 15:49:11.437515  4664 master_component.cc:1041] MasterComponent: complete regularizing model pwt
I0417 15:49:11.437515  4664 master_component.cc:1509] NormalizeModelArgs: pwt_target_name=pwt, nwt_source_name=nwt, rwt_source_name=rwt
I0417 15:49:11.437515  4664 master_component.cc:1045] MasterComponent: start normalizing model nwt
