I0417 15:47:42.788913  4664 master_component.cc:1045] MasterComponent: start normalizing model nwt
I0417 15:47:42.899611  4664 master_component.cc:1084] MasterComponent: complete normalizing model nwt
I0417 15:47:43.165766  4664 master_component.cc:1533] DisposeModel rwt
I0417 15:47:43.184607  4664 master_component.cc:1112] FitOffline: ItemsProcessed, num_items=1728, num_batches=2, token_weight=808522, token_weight_in_effect=808522
I0417 15:47:43.184607  4664 c_interface.cc:389] Pass FitOfflineMasterModelArgs, batch_filename_size=2, batch_weight_size=2, num_collection_passes=1, reset_nwt=yes to void (__cdecl artm::core::MasterComponent::*)(class artm::FitOfflineMasterModelArgs const & __ptr64) __ptr64
I0417 15:47:43.184607  4664 master_component.cc:1458] ProcessBatchesArgs: nwt_target_name=nwt, batch_filename_size=2, batch_size=0, batch_weight_size=2, pwt_source_name=pwt, num_document_passes=10, regularizer=(name:SmoothPhi, tau:100000), reuse_theta=no, opt_for_avx=yes, predict_class_id=, reset_nwt=yes
I0417 15:47:43.224792 16064 processor.cc:81] Processing queue has data, processing started
I0417 15:47:43.224792  5156 processor.cc:81] Processing queue has data, processing started
I0417 15:47:43.283334 16064 processor.cc:158] Processor: start processing batch b2f94e05-ef86-4190-81db-4013c144d259 into model nwt
I0417 15:47:43.333079  5156 processor.cc:158] Processor: start processing batch 42cd4832-76ea-46ac-b575-419694a0e109 into model nwt
I0417 15:47:43.854081 16064 processor.cc:293] Processor: complete processing batch b2f94e05-ef86-4190-81db-4013c144d259 into model nwt
I0417 15:47:43.858040 16064 cuckoo_watch.h:45] 634ms in ProcessBatch(postnauka\aaaaaa.batch) [including 61ms in LoadMessage; 0ms in InitializeTheta; 0ms in CreateRegularizerAgents; 47ms in InitializeSparseNdw; 410ms in InferThetaAndUpdateNwtSparse; 109ms in CalculateScore(^^^ItemsProcessedScore^^^); ]
I0417 15:47:43.941390 16064 processor.cc:74] No data in processing queue, waiting...
I0417 15:47:44.762588  5156 processor.cc:293] Processor: complete processing batch 42cd4832-76ea-46ac-b575-419694a0e109 into model nwt
I0417 15:47:44.772550  5156 cuckoo_watch.h:45] 1550ms in ProcessBatch(postnauka\aaaaab.batch) [including 110ms in LoadMessage; 0ms in InitializeTheta; 0ms in CreateRegularizerAgents; 71ms in InitializeSparseNdw; 825ms in InferThetaAndUpdateNwtSparse; 530ms in CalculateScore(^^^ItemsProcessedScore^^^); ]
I0417 15:47:44.775996  4664 master_component.cc:1496] RegularizeModelArgs: rwt_target_name=rwt, pwt_source_name=pwt, nwt_source_name=nwt
I0417 15:47:44.775996  4664 master_component.cc:1013] MasterComponent: start regularizing model pwt
I0417 15:47:44.872434  5156 processor.cc:74] No data in processing queue, waiting...
I0417 15:47:44.931833  4664 master_component.cc:1041] MasterComponent: complete regularizing model pwt
I0417 15:47:44.931833  4664 master_component.cc:1509] NormalizeModelArgs: pwt_target_name=pwt, nwt_source_name=nwt, rwt_source_name=rwt
I0417 15:47:44.931833  4664 master_component.cc:1045] MasterComponent: start normalizing model nwt
I0417 15:47:45.023464  4664 master_component.cc:1084] MasterComponent: complete normalizing model nwt
I0417 15:47:45.218623  4664 master_component.cc:1533] DisposeModel rwt
I0417 15:47:45.229558  4664 master_component.cc:1112] FitOffline: ItemsProcessed, num_items=1728, num_batches=2, token_weight=808522, token_weight_in_effect=808522
I0417 15:47:45.229558  4664 c_interface.cc:389] Pass FitOfflineMasterModelArgs, batch_filename_size=2, batch_weight_size=2, num_collection_passes=1, reset_nwt=yes to void (__cdecl artm::core::MasterComponent::*)(class artm::FitOfflineMasterModelArgs const & __ptr64) __ptr64
I0417 15:47:45.229558  4664 master_component.cc:1458] ProcessBatchesArgs: nwt_target_name=nwt, batch_filename_size=2, batch_size=0, batch_weight_size=2, pwt_source_name=pwt, num_document_passes=10, regularizer=(name:SmoothPhi, tau:100000), reuse_theta=no, opt_for_avx=yes, predict_class_id=, reset_nwt=yes
I0417 15:47:45.264564 16064 processor.cc:81] Processing queue has data, processing started
I0417 15:47:45.264564  5156 processor.cc:81] Processing queue has data, processing started
I0417 15:47:45.297467  5156 processor.cc:158] Processor: start processing batch b2f94e05-ef86-4190-81db-4013c144d259 into model nwt
I0417 15:47:45.327188 16064 processor.cc:158] Processor: start processing batch 42cd4832-76ea-46ac-b575-419694a0e109 into model nwt
I0417 15:47:45.941536  5156 processor.cc:293] Processor: complete processing batch b2f94e05-ef86-4190-81db-4013c144d259 into model nwt
I0417 15:47:45.945534  5156 cuckoo_watch.h:45] 682ms in ProcessBatch(postnauka\aaaaaa.batch) [including 34ms in LoadMessage; 0ms in InitializeTheta; 0ms in CreateRegularizerAgents; 26ms in InitializeSparseNdw; 426ms in InferThetaAndUpdateNwtSparse; 190ms in CalculateScore(^^^ItemsProcessedScore^^^); ]
I0417 15:47:46.030184  5156 processor.cc:74] No data in processing queue, waiting...
I0417 15:47:46.744197 16064 processor.cc:293] Processor: complete processing batch 42cd4832-76ea-46ac-b575-419694a0e109 into model nwt
I0417 15:47:46.758294 16064 cuckoo_watch.h:45] 1494ms in ProcessBatch(postnauka\aaaaab.batch) [including 65ms in LoadMessage; 0ms in InitializeTheta; 0ms in CreateRegularizerAgents; 64ms in InitializeSparseNdw; 903ms in InferThetaAndUpdateNwtSparse; 445ms in CalculateScore(^^^ItemsProcessedScore^^^); ]
I0417 15:47:46.760458  4664 master_component.cc:1496] RegularizeModelArgs: rwt_target_name=rwt, pwt_source_name=pwt, nwt_source_name=nwt
I0417 15:47:46.760458  4664 master_component.cc:1013] MasterComponent: start regularizing model pwt
I0417 15:47:46.848474 16064 processor.cc:74] No data in processing queue, waiting...
I0417 15:47:46.931545  4664 master_component.cc:1041] MasterComponent: complete regularizing model pwt
I0417 15:47:46.931545  4664 master_component.cc:1509] NormalizeModelArgs: pwt_target_name=pwt, nwt_source_name=nwt, rwt_source_name=rwt
I0417 15:47:46.931545  4664 master_component.cc:1045] MasterComponent: start normalizing model nwt
I0417 15:47:47.050521  4664 master_component.cc:1084] MasterComponent: complete normalizing model nwt
I0417 15:47:47.314826  4664 master_component.cc:1533] DisposeModel rwt
I0417 15:47:47.331369  4664 master_component.cc:1112] FitOffline: ItemsProcessed, num_items=1728, num_batches=2, token_weight=808522, token_weight_in_effect=808522
I0417 15:47:47.331369  4664 c_interface.cc:389] Pass FitOfflineMasterModelArgs, batch_filename_size=2, batch_weight_size=2, num_collection_passes=1, reset_nwt=yes to void (__cdecl artm::core::MasterComponent::*)(class artm::FitOfflineMasterModelArgs const & __ptr64) __ptr64
I0417 15:47:47.331369  4664 master_component.cc:1458] ProcessBatchesArgs: nwt_target_name=nwt, batch_filename_size=2, batch_size=0, batch_weight_size=2, pwt_source_name=pwt, num_document_passes=10, regularizer=(name:SmoothPhi, tau:100000), reuse_theta=no, opt_for_avx=yes, predict_class_id=, reset_nwt=yes
I0417 15:47:47.378662 16300 processor.cc:81] Processing queue has data, processing started
I0417 15:47:47.378662 10496 processor.cc:81] Processing queue has data, processing started
I0417 15:47:47.434144 16300 processor.cc:158] Processor: start processing batch b2f94e05-ef86-4190-81db-4013c144d259 into model nwt
I0417 15:47:47.474954 10496 processor.cc:158] Processor: start processing batch 42cd4832-76ea-46ac-b575-419694a0e109 into model nwt
I0417 15:47:48.103287 16300 processor.cc:293] Processor: complete processing batch b2f94e05-ef86-4190-81db-4013c144d259 into model nwt
I0417 15:47:48.110024 16300 cuckoo_watch.h:45] 731ms in ProcessBatch(postnauka\aaaaaa.batch) [including 56ms in LoadMessage; 0ms in InitializeTheta; 0ms in CreateRegularizerAgents; 35ms in InitializeSparseNdw; 452ms in InferThetaAndUpdateNwtSparse; 182ms in CalculateScore(^^^ItemsProcessedScore^^^); ]
I0417 15:47:48.197661 16300 processor.cc:74] No data in processing queue, waiting...
I0417 15:47:48.965754 10496 processor.cc:293] Processor: complete processing batch 42cd4832-76ea-46ac-b575-419694a0e109 into model nwt
I0417 15:47:48.971737 10496 cuckoo_watch.h:45] 1593ms in ProcessBatch(postnauka\aaaaab.batch) [including 97ms in LoadMessage; 0ms in InitializeTheta; 0ms in CreateRegularizerAgents; 83ms in InitializeSparseNdw; 895ms in InferThetaAndUpdateNwtSparse; 509ms in CalculateScore(^^^ItemsProcessedScore^^^); ]
I0417 15:47:48.974032  4664 master_component.cc:1496] RegularizeModelArgs: rwt_target_name=rwt, pwt_source_name=pwt, nwt_source_name=nwt
I0417 15:47:48.974032  4664 master_component.cc:1013] MasterComponent: start regularizing model pwt
I0417 15:47:49.046200 10496 processor.cc:74] No data in processing queue, waiting...
I0417 15:47:49.069299  4664 master_component.cc:1041] MasterComponent: complete regularizing model pwt
I0417 15:47:49.069299  4664 master_component.cc:1509] NormalizeModelArgs: pwt_target_name=pwt, nwt_source_name=nwt, rwt_source_name=rwt
I0417 15:47:49.069299  4664 master_component.cc:1045] MasterComponent: start normalizing model nwt
I0417 15:47:49.157864  4664 master_component.cc:1084] MasterComponent: complete normalizing model nwt
I0417 15:47:49.343057  4664 master_component.cc:1533] DisposeModel rwt
I0417 15:47:49.354995  4664 master_component.cc:1112] FitOffline: ItemsProcessed, num_items=1728, num_batches=2, token_weight=808522, token_weight_in_effect=808522
I0417 15:47:49.354995  4664 c_interface.cc:389] Pass FitOfflineMasterModelArgs, batch_filename_size=2, batch_weight_size=2, num_collection_passes=1, reset_nwt=yes to void (__cdecl artm::core::MasterComponent::*)(class artm::FitOfflineMasterModelArgs const & __ptr64) __ptr64
I0417 15:47:49.354995  4664 master_component.cc:1458] ProcessBatchesArgs: nwt_target_name=nwt, batch_filename_size=2, batch_size=0, batch_weight_size=2, pwt_source_name=pwt, num_document_passes=10, regularizer=(name:SmoothPhi, tau:100000), reuse_theta=no, opt_for_avx=yes, predict_class_id=, reset_nwt=yes
I0417 15:47:49.390000 16300 processor.cc:81] Processing queue has data, processing started
I0417 15:47:49.390000 16064 processor.cc:81] Processing queue has data, processing started
I0417 15:47:49.434384 16064 processor.cc:158] Processor: start processing batch b2f94e05-ef86-4190-81db-4013c144d259 into model nwt
I0417 15:47:49.478752 16300 processor.cc:158] Processor: start processing batch 42cd4832-76ea-46ac-b575-419694a0e109 into model nwt
I0417 15:47:50.121719 16064 processor.cc:293] Processor: complete processing batch b2f94e05-ef86-4190-81db-4013c144d259 into model nwt
I0417 15:47:50.127413 16064 cuckoo_watch.h:45] 738ms in ProcessBatch(postnauka\aaaaaa.batch) [including 47ms in LoadMessage; 0ms in InitializeTheta; 0ms in CreateRegularizerAgents; 27ms in InitializeSparseNdw; 457ms in InferThetaAndUpdateNwtSparse; 200ms in CalculateScore(^^^ItemsProcessedScore^^^); ]
I0417 15:47:50.226562 16064 processor.cc:74] No data in processing queue, waiting...
I0417 15:47:50.946610 16300 processor.cc:293] Processor: complete processing batch 42cd4832-76ea-46ac-b575-419694a0e109 into model nwt
I0417 15:47:50.964038 16300 cuckoo_watch.h:45] 1574ms in ProcessBatch(postnauka\aaaaab.batch) [including 88ms in LoadMessage; 0ms in InitializeTheta; 0ms in CreateRegularizerAgents; 71ms in InitializeSparseNdw; 936ms in InferThetaAndUpdateNwtSparse; 458ms in CalculateScore(^^^ItemsProcessedScore^^^); ]
I0417 15:47:50.968070  4664 master_component.cc:1496] RegularizeModelArgs: rwt_target_name=rwt, pwt_source_name=pwt, nwt_source_name=nwt
I0417 15:47:50.968070  4664 master_component.cc:1013] MasterComponent: start regularizing model pwt
I0417 15:47:51.046227 16300 processor.cc:74] No data in processing queue, waiting...
I0417 15:47:51.204792  4664 master_component.cc:1041] MasterComponent: complete regularizing model pwt
I0417 15:47:51.204792  4664 master_component.cc:1509] NormalizeModelArgs: pwt_target_name=pwt, nwt_source_name=nwt, rwt_source_name=rwt
I0417 15:47:51.204792  4664 master_component.cc:1045] MasterComponent: start normalizing model nwt
I0417 15:47:51.366571  4664 master_component.cc:1084] MasterComponent: complete normalizing model nwt
I0417 15:47:51.581297  4664 master_component.cc:1533] DisposeModel rwt
I0417 15:47:51.594440  4664 master_component.cc:1112] FitOffline: ItemsProcessed, num_items=1728, num_batches=2, token_weight=808522, token_weight_in_effect=808522
I0417 15:47:51.594440  4664 c_interface.cc:389] Pass FitOfflineMasterModelArgs, batch_filename_size=2, batch_weight_size=2, num_collection_passes=1, reset_nwt=yes to void (__cdecl artm::core::MasterComponent::*)(class artm::FitOfflineMasterModelArgs const & __ptr64) __ptr64
I0417 15:47:51.594440  4664 master_component.cc:1458] ProcessBatchesArgs: nwt_target_name=nwt, batch_filename_size=2, batch_size=0, batch_weight_size=2, pwt_source_name=pwt, num_document_passes=10, regularizer=(name:SmoothPhi, tau:100000), reuse_theta=no, opt_for_avx=yes, predict_class_id=, reset_nwt=yes
I0417 15:47:51.641387  5156 processor.cc:81] Processing queue has data, processing started
I0417 15:47:51.641500 17372 processor.cc:81] Processing queue has data, processing started
I0417 15:47:51.682736  5156 processor.cc:158] Processor: start processing batch b2f94e05-ef86-4190-81db-4013c144d259 into model nwt
I0417 15:47:51.707587 17372 processor.cc:158] Processor: start processing batch 42cd4832-76ea-46ac-b575-419694a0e109 into model nwt
I0417 15:47:52.241261  5156 processor.cc:293] Processor: complete processing batch b2f94e05-ef86-4190-81db-4013c144d259 into model nwt
I0417 15:47:52.245285  5156 cuckoo_watch.h:45] 603ms in ProcessBatch(postnauka\aaaaaa.batch) [including 41ms in LoadMessage; 0ms in InitializeTheta; 0ms in CreateRegularizerAgents; 23ms in InitializeSparseNdw; 357ms in InferThetaAndUpdateNwtSparse; 177ms in CalculateScore(^^^ItemsProcessedScore^^^); ]
I0417 15:47:52.328681  5156 processor.cc:74] No data in processing queue, waiting...
I0417 15:47:52.975286 17372 processor.cc:293] Processor: complete processing batch 42cd4832-76ea-46ac-b575-419694a0e109 into model nwt
I0417 15:47:52.985626 17372 cuckoo_watch.h:45] 1345ms in ProcessBatch(postnauka\aaaaab.batch) [including 66ms in LoadMessage; 0ms in InitializeTheta; 0ms in CreateRegularizerAgents; 46ms in InitializeSparseNdw; 769ms in InferThetaAndUpdateNwtSparse; 450ms in CalculateScore(^^^ItemsProcessedScore^^^); ]
I0417 15:47:52.988145  4664 master_component.cc:1496] RegularizeModelArgs: rwt_target_name=rwt, pwt_source_name=pwt, nwt_source_name=nwt
I0417 15:47:52.988145  4664 master_component.cc:1013] MasterComponent: start regularizing model pwt
I0417 15:47:53.072261 17372 processor.cc:74] No data in processing queue, waiting...
I0417 15:47:53.166460  4664 master_component.cc:1041] MasterComponent: complete regularizing model pwt
I0417 15:47:53.166460  4664 master_component.cc:1509] NormalizeModelArgs: pwt_target_name=pwt, nwt_source_name=nwt, rwt_source_name=rwt
I0417 15:47:53.166460  4664 master_component.cc:1045] MasterComponent: start normalizing model nwt
I0417 15:47:53.297708  4664 master_component.cc:1084] MasterComponent: complete normalizing model nwt
I0417 15:47:53.530089  4664 master_component.cc:1533] DisposeModel rwt
I0417 15:47:53.542729  4664 master_component.cc:1112] FitOffline: ItemsProcessed, num_items=1728, num_batches=2, token_weight=808522, token_weight_in_effect=808522
I0417 15:47:53.542729  4664 c_interface.cc:389] Pass FitOfflineMasterModelArgs, batch_filename_size=2, batch_weight_size=2, num_collection_passes=1, reset_nwt=yes to void (__cdecl artm::core::MasterComponent::*)(class artm::FitOfflineMasterModelArgs const & __ptr64) __ptr64
I0417 15:47:53.542729  4664 master_component.cc:1458] ProcessBatchesArgs: nwt_target_name=nwt, batch_filename_size=2, batch_size=0, batch_weight_size=2, pwt_source_name=pwt, num_document_passes=10, regularizer=(name:SmoothPhi, tau:100000), reuse_theta=no, opt_for_avx=yes, predict_class_id=, reset_nwt=yes
I0417 15:47:53.592502  5156 processor.cc:81] Processing queue has data, processing started
I0417 15:47:53.592502  2136 processor.cc:81] Processing queue has data, processing started
I0417 15:47:53.644930  5156 processor.cc:158] Processor: start processing batch b2f94e05-ef86-4190-81db-4013c144d259 into model nwt
I0417 15:47:53.700908  2136 processor.cc:158] Processor: start processing batch 42cd4832-76ea-46ac-b575-419694a0e109 into model nwt
I0417 15:47:54.334442  5156 processor.cc:293] Processor: complete processing batch b2f94e05-ef86-4190-81db-4013c144d259 into model nwt
I0417 15:47:54.334442  5156 cuckoo_watch.h:45] 745ms in ProcessBatch(postnauka\aaaaaa.batch) [including 55ms in LoadMessage; 0ms in InitializeTheta; 0ms in CreateRegularizerAgents; 38ms in InitializeSparseNdw; 452ms in InferThetaAndUpdateNwtSparse; 194ms in CalculateScore(^^^ItemsProcessedScore^^^); ]
I0417 15:47:54.415920  5156 processor.cc:74] No data in processing queue, waiting...
I0417 15:47:55.009816  2136 processor.cc:293] Processor: complete processing batch 42cd4832-76ea-46ac-b575-419694a0e109 into model nwt
I0417 15:47:55.017904  2136 cuckoo_watch.h:45] 1425ms in ProcessBatch(postnauka\aaaaab.batch) [including 108ms in LoadMessage; 0ms in InitializeTheta; 0ms in CreateRegularizerAgents; 76ms in InitializeSparseNdw; 891ms in InferThetaAndUpdateNwtSparse; 339ms in CalculateScore(^^^ItemsProcessedScore^^^); ]
I0417 15:47:55.017904  4664 master_component.cc:1496] RegularizeModelArgs: rwt_target_name=rwt, pwt_source_name=pwt, nwt_source_name=nwt
I0417 15:47:55.017904  4664 master_component.cc:1013] MasterComponent: start regularizing model pwt
I0417 15:47:55.103456  2136 processor.cc:74] No data in processing queue, waiting...
I0417 15:47:55.178337  4664 master_component.cc:1041] MasterComponent: complete regularizing model pwt
I0417 15:47:55.178337  4664 master_component.cc:1509] NormalizeModelArgs: pwt_target_name=pwt, nwt_source_name=nwt, rwt_source_name=rwt
I0417 15:47:55.178337  4664 master_component.cc:1045] MasterComponent: start normalizing model nwt
I0417 15:47:55.287762  4664 master_component.cc:1084] MasterComponent: complete normalizing model nwt
I0417 15:47:55.483284  4664 master_component.cc:1533] DisposeModel rwt
I0417 15:47:55.496661  4664 master_component.cc:1112] FitOffline: ItemsProcessed, num_items=1728, num_batches=2, token_weight=808522, token_weight_in_effect=808522
I0417 15:47:55.496661  4664 c_interface.cc:389] Pass FitOfflineMasterModelArgs, batch_filename_size=2, batch_weight_size=2, num_collection_passes=1, reset_nwt=yes to void (__cdecl artm::core::MasterComponent::*)(class artm::FitOfflineMasterModelArgs const & __ptr64) __ptr64
I0417 15:47:55.496661  4664 master_component.cc:1458] ProcessBatchesArgs: nwt_target_name=nwt, batch_filename_size=2, batch_size=0, batch_weight_size=2, pwt_source_name=pwt, num_document_passes=10, regularizer=(name:SmoothPhi, tau:100000), reuse_theta=no, opt_for_avx=yes, predict_class_id=, reset_nwt=yes
I0417 15:47:55.536458  5156 processor.cc:81] Processing queue has data, processing started
I0417 15:47:55.536458 16300 processor.cc:81] Processing queue has data, processing started
I0417 15:47:55.582123 16300 processor.cc:158] Processor: start processing batch b2f94e05-ef86-4190-81db-4013c144d259 into model nwt
I0417 15:47:55.610590  5156 processor.cc:158] Processor: start processing batch 42cd4832-76ea-46ac-b575-419694a0e109 into model nwt
I0417 15:47:56.237149 16300 processor.cc:293] Processor: complete processing batch b2f94e05-ef86-4190-81db-4013c144d259 into model nwt
I0417 15:47:56.239145 16300 cuckoo_watch.h:45] 704ms in ProcessBatch(postnauka\aaaaaa.batch) [including 45ms in LoadMessage; 0ms in InitializeTheta; 0ms in CreateRegularizerAgents; 23ms in InitializeSparseNdw; 454ms in InferThetaAndUpdateNwtSparse; 175ms in CalculateScore(^^^ItemsProcessedScore^^^); ]
I0417 15:47:56.324095 16300 processor.cc:74] No data in processing queue, waiting...
I0417 15:47:56.946746  5156 processor.cc:293] Processor: complete processing batch 42cd4832-76ea-46ac-b575-419694a0e109 into model nwt
I0417 15:47:56.953289  5156 cuckoo_watch.h:45] 1420ms in ProcessBatch(postnauka\aaaaab.batch) [including 74ms in LoadMessage; 0ms in InitializeTheta; 0ms in CreateRegularizerAgents; 64ms in InitializeSparseNdw; 913ms in InferThetaAndUpdateNwtSparse; 360ms in CalculateScore(^^^ItemsProcessedScore^^^); ]
I0417 15:47:56.957506  4664 master_component.cc:1496] RegularizeModelArgs: rwt_target_name=rwt, pwt_source_name=pwt, nwt_source_name=nwt
I0417 15:47:56.957506  4664 master_component.cc:1013] MasterComponent: start regularizing model pwt
I0417 15:47:57.039597  5156 processor.cc:74] No data in processing queue, waiting...
I0417 15:47:57.071760  4664 master_component.cc:1041] MasterComponent: complete regularizing model pwt
I0417 15:47:57.071760  4664 master_component.cc:1509] NormalizeModelArgs: pwt_target_name=pwt, nwt_source_name=nwt, rwt_source_name=rwt
I0417 15:47:57.071760  4664 master_component.cc:1045] MasterComponent: start normalizing model nwt
I0417 15:47:57.159567  4664 master_component.cc:1084] MasterComponent: complete normalizing model nwt
I0417 15:47:57.336943  4664 master_component.cc:1533] DisposeModel rwt
I0417 15:47:57.347543  4664 master_component.cc:1112] FitOffline: ItemsProcessed, num_items=1728, num_batches=2, token_weight=808522, token_weight_in_effect=808522
I0417 15:47:57.347543  4664 c_interface.cc:389] Pass FitOfflineMasterModelArgs, batch_filename_size=2, batch_weight_size=2, num_collection_passes=1, reset_nwt=yes to void (__cdecl artm::core::MasterComponent::*)(class artm::FitOfflineMasterModelArgs const & __ptr64) __ptr64
I0417 15:47:57.347543  4664 master_component.cc:1458] ProcessBatchesArgs: nwt_target_name=nwt, batch_filename_size=2, batch_size=0, batch_weight_size=2, pwt_source_name=pwt, num_document_passes=10, regularizer=(name:SmoothPhi, tau:100000), reuse_theta=no, opt_for_avx=yes, predict_class_id=, reset_nwt=yes
I0417 15:47:57.383029 16300 processor.cc:81] Processing queue has data, processing started
I0417 15:47:57.383029  6108 processor.cc:81] Processing queue has data, processing started
I0417 15:47:57.418359 16300 processor.cc:158] Processor: start processing batch b2f94e05-ef86-4190-81db-4013c144d259 into model nwt
I0417 15:47:57.453161  6108 processor.cc:158] Processor: start processing batch 42cd4832-76ea-46ac-b575-419694a0e109 into model nwt
I0417 15:47:58.053777 16300 processor.cc:293] Processor: complete processing batch b2f94e05-ef86-4190-81db-4013c144d259 into model nwt
I0417 15:47:58.061830 16300 cuckoo_watch.h:45] 679ms in ProcessBatch(postnauka\aaaaaa.batch) [including 35ms in LoadMessage; 0ms in InitializeTheta; 0ms in CreateRegularizerAgents; 30ms in InitializeSparseNdw; 412ms in InferThetaAndUpdateNwtSparse; 195ms in CalculateScore(^^^ItemsProcessedScore^^^); ]
I0417 15:47:58.146250 16300 processor.cc:74] No data in processing queue, waiting...
I0417 15:47:58.768414  6108 processor.cc:293] Processor: complete processing batch 42cd4832-76ea-46ac-b575-419694a0e109 into model nwt
I0417 15:47:58.776393  6108 cuckoo_watch.h:45] 1393ms in ProcessBatch(postnauka\aaaaab.batch) [including 70ms in LoadMessage; 0ms in InitializeTheta; 0ms in CreateRegularizerAgents; 55ms in InitializeSparseNdw; 896ms in InferThetaAndUpdateNwtSparse; 363ms in CalculateScore(^^^ItemsProcessedScore^^^); ]
I0417 15:47:58.780602  4664 master_component.cc:1496] RegularizeModelArgs: rwt_target_name=rwt, pwt_source_name=pwt, nwt_source_name=nwt
I0417 15:47:58.780602  4664 master_component.cc:1013] MasterComponent: start regularizing model pwt
I0417 15:47:58.854606  6108 processor.cc:74] No data in processing queue, waiting...
I0417 15:47:58.894840  4664 master_component.cc:1041] MasterComponent: complete regularizing model pwt
I0417 15:47:58.894840  4664 master_component.cc:1509] NormalizeModelArgs: pwt_target_name=pwt, nwt_source_name=nwt, rwt_source_name=rwt
I0417 15:47:58.894840  4664 master_component.cc:1045] MasterComponent: start normalizing model nwt
I0417 15:47:58.979104  4664 master_component.cc:1084] MasterComponent: complete normalizing model nwt
I0417 15:47:59.211055  4664 master_component.cc:1533] DisposeModel rwt
I0417 15:47:59.227030  4664 master_component.cc:1112] FitOffline: ItemsProcessed, num_items=1728, num_batches=2, token_weight=808522, token_weight_in_effect=808522
I0417 15:47:59.227030  4664 c_interface.cc:389] Pass FitOfflineMasterModelArgs, batch_filename_size=2, batch_weight_size=2, num_collection_passes=1, reset_nwt=yes to void (__cdecl artm::core::MasterComponent::*)(class artm::FitOfflineMasterModelArgs const & __ptr64) __ptr64
I0417 15:47:59.227030  4664 master_component.cc:1458] ProcessBatchesArgs: nwt_target_name=nwt, batch_filename_size=2, batch_size=0, batch_weight_size=2, pwt_source_name=pwt, num_document_passes=10, regularizer=(name:SmoothPhi, tau:100000), reuse_theta=no, opt_for_avx=yes, predict_class_id=, reset_nwt=yes
I0417 15:47:59.262779 16064 processor.cc:81] Processing queue has data, processing started
I0417 15:47:59.262779 16300 processor.cc:81] Processing queue has data, processing started
I0417 15:47:59.300927 16064 processor.cc:158] Processor: start processing batch b2f94e05-ef86-4190-81db-4013c144d259 into model nwt
I0417 15:47:59.332885 16300 processor.cc:158] Processor: start processing batch 42cd4832-76ea-46ac-b575-419694a0e109 into model nwt
I0417 15:47:59.982553 16064 processor.cc:293] Processor: complete processing batch b2f94e05-ef86-4190-81db-4013c144d259 into model nwt
I0417 15:47:59.986552 16064 cuckoo_watch.h:45] 725ms in ProcessBatch(postnauka\aaaaaa.batch) [including 39ms in LoadMessage; 0ms in InitializeTheta; 0ms in CreateRegularizerAgents; 26ms in InitializeSparseNdw; 445ms in InferThetaAndUpdateNwtSparse; 209ms in CalculateScore(^^^ItemsProcessedScore^^^); ]
I0417 15:48:00.080235 16064 processor.cc:74] No data in processing queue, waiting...
I0417 15:48:00.692788 16300 processor.cc:293] Processor: complete processing batch 42cd4832-76ea-46ac-b575-419694a0e109 into model nwt
I0417 15:48:00.701835 16300 cuckoo_watch.h:45] 1439ms in ProcessBatch(postnauka\aaaaab.batch) [including 73ms in LoadMessage; 0ms in InitializeTheta; 0ms in CreateRegularizerAgents; 66ms in InitializeSparseNdw; 933ms in InferThetaAndUpdateNwtSparse; 357ms in CalculateScore(^^^ItemsProcessedScore^^^); ]
I0417 15:48:00.706152  4664 master_component.cc:1496] RegularizeModelArgs: rwt_target_name=rwt, pwt_source_name=pwt, nwt_source_name=nwt
I0417 15:48:00.706152  4664 master_component.cc:1013] MasterComponent: start regularizing model pwt
I0417 15:48:00.779017 16300 processor.cc:74] No data in processing queue, waiting...
I0417 15:48:00.822988  4664 master_component.cc:1041] MasterComponent: complete regularizing model pwt
I0417 15:48:00.822988  4664 master_component.cc:1509] NormalizeModelArgs: pwt_target_name=pwt, nwt_source_name=nwt, rwt_source_name=rwt
I0417 15:48:00.822988  4664 master_component.cc:1045] MasterComponent: start normalizing model nwt
I0417 15:48:00.914291  4664 master_component.cc:1084] MasterComponent: complete normalizing model nwt
I0417 15:48:01.087339  4664 master_component.cc:1533] DisposeModel rwt
I0417 15:48:01.106262  4664 master_component.cc:1112] FitOffline: ItemsProcessed, num_items=1728, num_batches=2, token_weight=808522, token_weight_in_effect=808522
I0417 15:48:01.106262  4664 c_interface.cc:389] Pass FitOfflineMasterModelArgs, batch_filename_size=2, batch_weight_size=2, num_collection_passes=1, reset_nwt=yes to void (__cdecl artm::core::MasterComponent::*)(class artm::FitOfflineMasterModelArgs const & __ptr64) __ptr64
I0417 15:48:01.106262  4664 master_component.cc:1458] ProcessBatchesArgs: nwt_target_name=nwt, batch_filename_size=2, batch_size=0, batch_weight_size=2, pwt_source_name=pwt, num_document_passes=10, regularizer=(name:SmoothPhi, tau:100000), reuse_theta=no, opt_for_avx=yes, predict_class_id=, reset_nwt=yes
I0417 15:48:01.148216 10496 processor.cc:81] Processing queue has data, processing started
I0417 15:48:01.148216  5156 processor.cc:81] Processing queue has data, processing started
I0417 15:48:01.203037  5156 processor.cc:158] Processor: start processing batch b2f94e05-ef86-4190-81db-4013c144d259 into model nwt
I0417 15:48:01.237216 10496 processor.cc:158] Processor: start processing batch 42cd4832-76ea-46ac-b575-419694a0e109 into model nwt
I0417 15:48:01.907874  5156 processor.cc:293] Processor: complete processing batch b2f94e05-ef86-4190-81db-4013c144d259 into model nwt
I0417 15:48:01.913239  5156 cuckoo_watch.h:45] 765ms in ProcessBatch(postnauka\aaaaaa.batch) [including 55ms in LoadMessage; 0ms in InitializeTheta; 0ms in CreateRegularizerAgents; 28ms in InitializeSparseNdw; 466ms in InferThetaAndUpdateNwtSparse; 209ms in CalculateScore(^^^ItemsProcessedScore^^^); ]
I0417 15:48:01.992995  5156 processor.cc:74] No data in processing queue, waiting...
I0417 15:48:02.616957 10496 processor.cc:293] Processor: complete processing batch 42cd4832-76ea-46ac-b575-419694a0e109 into model nwt
I0417 15:48:02.620645 10496 cuckoo_watch.h:45] 1474ms in ProcessBatch(postnauka\aaaaab.batch) [including 90ms in LoadMessage; 0ms in InitializeTheta; 0ms in CreateRegularizerAgents; 68ms in InitializeSparseNdw; 949ms in InferThetaAndUpdateNwtSparse; 359ms in CalculateScore(^^^ItemsProcessedScore^^^); ]
I0417 15:48:02.625104  4664 master_component.cc:1496] RegularizeModelArgs: rwt_target_name=rwt, pwt_source_name=pwt, nwt_source_name=nwt
I0417 15:48:02.625104  4664 master_component.cc:1013] MasterComponent: start regularizing model pwt
I0417 15:48:02.709362 10496 processor.cc:74] No data in processing queue, waiting...
I0417 15:48:02.802166  4664 master_component.cc:1041] MasterComponent: complete regularizing model pwt
I0417 15:48:02.803169  4664 master_component.cc:1509] NormalizeModelArgs: pwt_target_name=pwt, nwt_source_name=nwt, rwt_source_name=rwt
I0417 15:48:02.803169  4664 master_component.cc:1045] MasterComponent: start normalizing model nwt
I0417 15:48:02.941013  4664 master_component.cc:1084] MasterComponent: complete normalizing model nwt
I0417 15:48:03.180011  4664 master_component.cc:1533] DisposeModel rwt
I0417 15:48:03.196043  4664 master_component.cc:1112] FitOffline: ItemsProcessed, num_items=1728, num_batches=2, token_weight=808522, token_weight_in_effect=808522
I0417 15:48:03.196043  4664 c_interface.cc:389] Pass FitOfflineMasterModelArgs, batch_filename_size=2, batch_weight_size=2, num_collection_passes=1, reset_nwt=yes to void (__cdecl artm::core::MasterComponent::*)(class artm::FitOfflineMasterModelArgs const & __ptr64) __ptr64
I0417 15:48:03.196043  4664 master_component.cc:1458] ProcessBatchesArgs: nwt_target_name=nwt, batch_filename_size=2, batch_size=0, batch_weight_size=2, pwt_source_name=pwt, num_document_passes=10, regularizer=(name:SmoothPhi, tau:100000), reuse_theta=no, opt_for_avx=yes, predict_class_id=, reset_nwt=yes
I0417 15:48:03.233626  6108 processor.cc:81] Processing queue has data, processing started
I0417 15:48:03.233626 16300 processor.cc:81] Processing queue has data, processing started
I0417 15:48:03.273016  6108 processor.cc:158] Processor: start processing batch b2f94e05-ef86-4190-81db-4013c144d259 into model nwt
I0417 15:48:03.308969 16300 processor.cc:158] Processor: start processing batch 42cd4832-76ea-46ac-b575-419694a0e109 into model nwt
I0417 15:48:03.924685  6108 processor.cc:293] Processor: complete processing batch b2f94e05-ef86-4190-81db-4013c144d259 into model nwt
I0417 15:48:03.928678  6108 cuckoo_watch.h:45] 698ms in ProcessBatch(postnauka\aaaaaa.batch) [including 39ms in LoadMessage; 0ms in InitializeTheta; 0ms in CreateRegularizerAgents; 32ms in InitializeSparseNdw; 428ms in InferThetaAndUpdateNwtSparse; 192ms in CalculateScore(^^^ItemsProcessedScore^^^); ]
I0417 15:48:04.007653  6108 processor.cc:74] No data in processing queue, waiting...
I0417 15:48:04.702139 16300 processor.cc:293] Processor: complete processing batch 42cd4832-76ea-46ac-b575-419694a0e109 into model nwt
I0417 15:48:04.712796 16300 cuckoo_watch.h:45] 1480ms in ProcessBatch(postnauka\aaaaab.batch) [including 78ms in LoadMessage; 0ms in InitializeTheta; 0ms in CreateRegularizerAgents; 63ms in InitializeSparseNdw; 903ms in InferThetaAndUpdateNwtSparse; 421ms in CalculateScore(^^^ItemsProcessedScore^^^); ]
I0417 15:48:04.716444  4664 master_component.cc:1496] RegularizeModelArgs: rwt_target_name=rwt, pwt_source_name=pwt, nwt_source_name=nwt
I0417 15:48:04.716444  4664 master_component.cc:1013] MasterComponent: start regularizing model pwt
I0417 15:48:04.804246 16300 processor.cc:74] No data in processing queue, waiting...
I0417 15:48:04.869438  4664 master_component.cc:1041] MasterComponent: complete regularizing model pwt
I0417 15:48:04.869438  4664 master_component.cc:1509] NormalizeModelArgs: pwt_target_name=pwt, nwt_source_name=nwt, rwt_source_name=rwt
I0417 15:48:04.869438  4664 master_component.cc:1045] MasterComponent: start normalizing model nwt
I0417 15:48:04.962864  4664 master_component.cc:1084] MasterComponent: complete normalizing model nwt
I0417 15:48:05.137137  4664 master_component.cc:1533] DisposeModel rwt
I0417 15:48:05.149132  4664 master_component.cc:1112] FitOffline: ItemsProcessed, num_items=1728, num_batches=2, token_weight=808522, token_weight_in_effect=808522
I0417 15:48:05.149132  4664 c_interface.cc:389] Pass FitOfflineMasterModelArgs, batch_filename_size=2, batch_weight_size=2, num_collection_passes=1, reset_nwt=yes to void (__cdecl artm::core::MasterComponent::*)(class artm::FitOfflineMasterModelArgs const & __ptr64) __ptr64
I0417 15:48:05.149132  4664 master_component.cc:1458] ProcessBatchesArgs: nwt_target_name=nwt, batch_filename_size=2, batch_size=0, batch_weight_size=2, pwt_source_name=pwt, num_document_passes=10, regularizer=(name:SmoothPhi, tau:100000), reuse_theta=no, opt_for_avx=yes, predict_class_id=, reset_nwt=yes
I0417 15:48:05.186331 10496 processor.cc:81] Processing queue has data, processing started
I0417 15:48:05.186331  5156 processor.cc:81] Processing queue has data, processing started
I0417 15:48:05.232029 10496 processor.cc:158] Processor: start processing batch b2f94e05-ef86-4190-81db-4013c144d259 into model nwt
I0417 15:48:05.261854  5156 processor.cc:158] Processor: start processing batch 42cd4832-76ea-46ac-b575-419694a0e109 into model nwt
I0417 15:48:05.931545 10496 processor.cc:293] Processor: complete processing batch b2f94e05-ef86-4190-81db-4013c144d259 into model nwt
I0417 15:48:05.935585 10496 cuckoo_watch.h:45] 751ms in ProcessBatch(postnauka\aaaaaa.batch) [including 47ms in LoadMessage; 0ms in InitializeTheta; 0ms in CreateRegularizerAgents; 23ms in InitializeSparseNdw; 450ms in InferThetaAndUpdateNwtSparse; 225ms in CalculateScore(^^^ItemsProcessedScore^^^); ]
I0417 15:48:06.015805 10496 processor.cc:74] No data in processing queue, waiting...
I0417 15:48:06.640193  5156 processor.cc:293] Processor: complete processing batch 42cd4832-76ea-46ac-b575-419694a0e109 into model nwt
I0417 15:48:06.648156  5156 cuckoo_watch.h:45] 1464ms in ProcessBatch(postnauka\aaaaab.batch) [including 77ms in LoadMessage; 0ms in InitializeTheta; 0ms in CreateRegularizerAgents; 63ms in InitializeSparseNdw; 955ms in InferThetaAndUpdateNwtSparse; 359ms in CalculateScore(^^^ItemsProcessedScore^^^); ]
I0417 15:48:06.652329  4664 master_component.cc:1496] RegularizeModelArgs: rwt_target_name=rwt, pwt_source_name=pwt, nwt_source_name=nwt
I0417 15:48:06.652329  4664 master_component.cc:1013] MasterComponent: start regularizing model pwt
I0417 15:48:06.730675  5156 processor.cc:74] No data in processing queue, waiting...
I0417 15:48:06.766335  4664 master_component.cc:1041] MasterComponent: complete regularizing model pwt
I0417 15:48:06.766335  4664 master_component.cc:1509] NormalizeModelArgs: pwt_target_name=pwt, nwt_source_name=nwt, rwt_source_name=rwt
I0417 15:48:06.766335  4664 master_component.cc:1045] MasterComponent: start normalizing model nwt
I0417 15:48:06.854318  4664 master_component.cc:1084] MasterComponent: complete normalizing model nwt
I0417 15:48:07.030351  4664 master_component.cc:1533] DisposeModel rwt
I0417 15:48:07.043670  4664 master_component.cc:1112] FitOffline: ItemsProcessed, num_items=1728, num_batches=2, token_weight=808522, token_weight_in_effect=808522
I0417 15:48:07.043670  4664 c_interface.cc:389] Pass FitOfflineMasterModelArgs, batch_filename_size=2, batch_weight_size=2, num_collection_passes=1, reset_nwt=yes to void (__cdecl artm::core::MasterComponent::*)(class artm::FitOfflineMasterModelArgs const & __ptr64) __ptr64
I0417 15:48:07.043670  4664 master_component.cc:1458] ProcessBatchesArgs: nwt_target_name=nwt, batch_filename_size=2, batch_size=0, batch_weight_size=2, pwt_source_name=pwt, num_document_passes=10, regularizer=(name:SmoothPhi, tau:100000), reuse_theta=no, opt_for_avx=yes, predict_class_id=, reset_nwt=yes
I0417 15:48:07.081022 16064 processor.cc:81] Processing queue has data, processing started
I0417 15:48:07.081022  6108 processor.cc:81] Processing queue has data, processing started
I0417 15:48:07.118141 16064 processor.cc:158] Processor: start processing batch b2f94e05-ef86-4190-81db-4013c144d259 into model nwt
I0417 15:48:07.159346  6108 processor.cc:158] Processor: start processing batch 42cd4832-76ea-46ac-b575-419694a0e109 into model nwt
I0417 15:48:07.807689 16064 processor.cc:293] Processor: complete processing batch b2f94e05-ef86-4190-81db-4013c144d259 into model nwt
I0417 15:48:07.811676 16064 cuckoo_watch.h:45] 732ms in ProcessBatch(postnauka\aaaaaa.batch) [including 40ms in LoadMessage; 0ms in InitializeTheta; 0ms in CreateRegularizerAgents; 33ms in InitializeSparseNdw; 450ms in InferThetaAndUpdateNwtSparse; 202ms in CalculateScore(^^^ItemsProcessedScore^^^); ]
I0417 15:48:07.889991 16064 processor.cc:74] No data in processing queue, waiting...
I0417 15:48:08.512497  6108 processor.cc:293] Processor: complete processing batch 42cd4832-76ea-46ac-b575-419694a0e109 into model nwt
I0417 15:48:08.518543  6108 cuckoo_watch.h:45] 1439ms in ProcessBatch(postnauka\aaaaab.batch) [including 79ms in LoadMessage; 0ms in InitializeTheta; 0ms in CreateRegularizerAgents; 66ms in InitializeSparseNdw; 928ms in InferThetaAndUpdateNwtSparse; 356ms in CalculateScore(^^^ItemsProcessedScore^^^); ]
I0417 15:48:08.522719  4664 master_component.cc:1496] RegularizeModelArgs: rwt_target_name=rwt, pwt_source_name=pwt, nwt_source_name=nwt
I0417 15:48:08.522719  4664 master_component.cc:1013] MasterComponent: start regularizing model pwt
I0417 15:48:08.595666  6108 processor.cc:74] No data in processing queue, waiting...
I0417 15:48:08.635653  4664 master_component.cc:1041] MasterComponent: complete regularizing model pwt
I0417 15:48:08.635653  4664 master_component.cc:1509] NormalizeModelArgs: pwt_target_name=pwt, nwt_source_name=nwt, rwt_source_name=rwt
I0417 15:48:08.635653  4664 master_component.cc:1045] MasterComponent: start normalizing model nwt
I0417 15:48:08.724730  4664 master_component.cc:1084] MasterComponent: complete normalizing model nwt
I0417 15:48:08.892603  4664 master_component.cc:1533] DisposeModel rwt
I0417 15:48:08.904599  4664 master_component.cc:1112] FitOffline: ItemsProcessed, num_items=1728, num_batches=2, token_weight=808522, token_weight_in_effect=808522
I0417 15:48:08.904599  4664 c_interface.cc:389] Pass FitOfflineMasterModelArgs, batch_filename_size=2, batch_weight_size=2, num_collection_passes=1, reset_nwt=yes to void (__cdecl artm::core::MasterComponent::*)(class artm::FitOfflineMasterModelArgs const & __ptr64) __ptr64
I0417 15:48:08.904599  4664 master_component.cc:1458] ProcessBatchesArgs: nwt_target_name=nwt, batch_filename_size=2, batch_size=0, batch_weight_size=2, pwt_source_name=pwt, num_document_passes=10, regularizer=(name:SmoothPhi, tau:100000), reuse_theta=no, opt_for_avx=yes, predict_class_id=, reset_nwt=yes
I0417 15:48:08.944725 16064 processor.cc:81] Processing queue has data, processing started
I0417 15:48:08.944725 16300 processor.cc:81] Processing queue has data, processing started
I0417 15:48:08.979967 16064 processor.cc:158] Processor: start processing batch b2f94e05-ef86-4190-81db-4013c144d259 into model nwt
I0417 15:48:09.020125 16300 processor.cc:158] Processor: start processing batch 42cd4832-76ea-46ac-b575-419694a0e109 into model nwt
I0417 15:48:09.670544 16064 processor.cc:293] Processor: complete processing batch b2f94e05-ef86-4190-81db-4013c144d259 into model nwt
I0417 15:48:09.678534 16064 cuckoo_watch.h:45] 734ms in ProcessBatch(postnauka\aaaaaa.batch) [including 35ms in LoadMessage; 0ms in InitializeTheta; 0ms in CreateRegularizerAgents; 34ms in InitializeSparseNdw; 463ms in InferThetaAndUpdateNwtSparse; 195ms in CalculateScore(^^^ItemsProcessedScore^^^); ]
I0417 15:48:09.760900 16064 processor.cc:74] No data in processing queue, waiting...
I0417 15:48:10.395479 16300 processor.cc:293] Processor: complete processing batch 42cd4832-76ea-46ac-b575-419694a0e109 into model nwt
I0417 15:48:10.404960 16300 cuckoo_watch.h:45] 1461ms in ProcessBatch(postnauka\aaaaab.batch) [including 78ms in LoadMessage; 0ms in InitializeTheta; 0ms in CreateRegularizerAgents; 66ms in InitializeSparseNdw; 934ms in InferThetaAndUpdateNwtSparse; 374ms in CalculateScore(^^^ItemsProcessedScore^^^); ]
I0417 15:48:10.409140  4664 master_component.cc:1496] RegularizeModelArgs: rwt_target_name=rwt, pwt_source_name=pwt, nwt_source_name=nwt
I0417 15:48:10.409140  4664 master_component.cc:1013] MasterComponent: start regularizing model pwt
I0417 15:48:10.484612 16300 processor.cc:74] No data in processing queue, waiting...
I0417 15:48:10.524349  4664 master_component.cc:1041] MasterComponent: complete regularizing model pwt
I0417 15:48:10.524349  4664 master_component.cc:1509] NormalizeModelArgs: pwt_target_name=pwt, nwt_source_name=nwt, rwt_source_name=rwt
I0417 15:48:10.524349  4664 master_component.cc:1045] MasterComponent: start normalizing model nwt
I0417 15:48:10.612323  4664 master_component.cc:1084] MasterComponent: complete normalizing model nwt
I0417 15:48:10.777983  4664 master_component.cc:1533] DisposeModel rwt
I0417 15:48:10.791189  4664 master_component.cc:1112] FitOffline: ItemsProcessed, num_items=1728, num_batches=2, token_weight=808522, token_weight_in_effect=808522
I0417 15:48:10.791189  4664 c_interface.cc:389] Pass FitOfflineMasterModelArgs, batch_filename_size=2, batch_weight_size=2, num_collection_passes=1, reset_nwt=yes to void (__cdecl artm::core::MasterComponent::*)(class artm::FitOfflineMasterModelArgs const & __ptr64) __ptr64
I0417 15:48:10.791189  4664 master_component.cc:1458] ProcessBatchesArgs: nwt_target_name=nwt, batch_filename_size=2, batch_size=0, batch_weight_size=2, pwt_source_name=pwt, num_document_passes=10, regularizer=(name:SmoothPhi, tau:100000), reuse_theta=no, opt_for_avx=yes, predict_class_id=, reset_nwt=yes
I0417 15:48:10.829874 16064 processor.cc:81] Processing queue has data, processing started
I0417 15:48:10.829874 17372 processor.cc:81] Processing queue has data, processing started
I0417 15:48:10.866988 16064 processor.cc:158] Processor: start processing batch b2f94e05-ef86-4190-81db-4013c144d259 into model nwt
I0417 15:48:10.904268 17372 processor.cc:158] Processor: start processing batch 42cd4832-76ea-46ac-b575-419694a0e109 into model nwt
I0417 15:48:11.543836 16064 processor.cc:293] Processor: complete processing batch b2f94e05-ef86-4190-81db-4013c144d259 into model nwt
I0417 15:48:11.551904 16064 cuckoo_watch.h:45] 722ms in ProcessBatch(postnauka\aaaaaa.batch) [including 40ms in LoadMessage; 0ms in InitializeTheta; 0ms in CreateRegularizerAgents; 27ms in InitializeSparseNdw; 467ms in InferThetaAndUpdateNwtSparse; 181ms in CalculateScore(^^^ItemsProcessedScore^^^); ]
I0417 15:48:11.636816 16064 processor.cc:74] No data in processing queue, waiting...
I0417 15:48:12.276119 17372 processor.cc:293] Processor: complete processing batch 42cd4832-76ea-46ac-b575-419694a0e109 into model nwt
I0417 15:48:12.285838 17372 cuckoo_watch.h:45] 1458ms in ProcessBatch(postnauka\aaaaab.batch) [including 75ms in LoadMessage; 0ms in InitializeTheta; 0ms in CreateRegularizerAgents; 68ms in InitializeSparseNdw; 923ms in InferThetaAndUpdateNwtSparse; 380ms in CalculateScore(^^^ItemsProcessedScore^^^); ]
I0417 15:48:12.289891  4664 master_component.cc:1496] RegularizeModelArgs: rwt_target_name=rwt, pwt_source_name=pwt, nwt_source_name=nwt
I0417 15:48:12.289891  4664 master_component.cc:1013] MasterComponent: start regularizing model pwt
I0417 15:48:12.364154 17372 processor.cc:74] No data in processing queue, waiting...
I0417 15:48:12.405424  4664 master_component.cc:1041] MasterComponent: complete regularizing model pwt
I0417 15:48:12.405424  4664 master_component.cc:1509] NormalizeModelArgs: pwt_target_name=pwt, nwt_source_name=nwt, rwt_source_name=rwt
I0417 15:48:12.405424  4664 master_component.cc:1045] MasterComponent: start normalizing model nwt
I0417 15:48:12.491149  4664 master_component.cc:1084] MasterComponent: complete normalizing model nwt
I0417 15:48:12.660154  4664 master_component.cc:1533] DisposeModel rwt
I0417 15:48:12.671391  4664 master_component.cc:1112] FitOffline: ItemsProcessed, num_items=1728, num_batches=2, token_weight=808522, token_weight_in_effect=808522
I0417 15:48:12.671391  4664 c_interface.cc:389] Pass FitOfflineMasterModelArgs, batch_filename_size=2, batch_weight_size=2, num_collection_passes=1, reset_nwt=yes to void (__cdecl artm::core::MasterComponent::*)(class artm::FitOfflineMasterModelArgs const & __ptr64) __ptr64
I0417 15:48:12.671391  4664 master_component.cc:1458] ProcessBatchesArgs: nwt_target_name=nwt, batch_filename_size=2, batch_size=0, batch_weight_size=2, pwt_source_name=pwt, num_document_passes=10, regularizer=(name:SmoothPhi, tau:100000), reuse_theta=no, opt_for_avx=yes, predict_class_id=, reset_nwt=yes
I0417 15:48:12.709061  5156 processor.cc:81] Processing queue has data, processing started
I0417 15:48:12.709061  8472 processor.cc:81] Processing queue has data, processing started
I0417 15:48:12.744472  5156 processor.cc:158] Processor: start processing batch b2f94e05-ef86-4190-81db-4013c144d259 into model nwt
I0417 15:48:12.783939  8472 processor.cc:158] Processor: start processing batch 42cd4832-76ea-46ac-b575-419694a0e109 into model nwt
I0417 15:48:13.368582  5156 processor.cc:293] Processor: complete processing batch b2f94e05-ef86-4190-81db-4013c144d259 into model nwt
I0417 15:48:13.372582  5156 cuckoo_watch.h:45] 665ms in ProcessBatch(postnauka\aaaaaa.batch) [including 36ms in LoadMessage; 0ms in InitializeTheta; 0ms in CreateRegularizerAgents; 30ms in InitializeSparseNdw; 413ms in InferThetaAndUpdateNwtSparse; 180ms in CalculateScore(^^^ItemsProcessedScore^^^); ]
I0417 15:48:13.455729  5156 processor.cc:74] No data in processing queue, waiting...
I0417 15:48:14.067332  8472 processor.cc:293] Processor: complete processing batch 42cd4832-76ea-46ac-b575-419694a0e109 into model nwt
I0417 15:48:14.075287  8472 cuckoo_watch.h:45] 1368ms in ProcessBatch(postnauka\aaaaab.batch) [including 74ms in LoadMessage; 0ms in InitializeTheta; 0ms in CreateRegularizerAgents; 57ms in InitializeSparseNdw; 875ms in InferThetaAndUpdateNwtSparse; 351ms in CalculateScore(^^^ItemsProcessedScore^^^); ]
I0417 15:48:14.079339  4664 master_component.cc:1496] RegularizeModelArgs: rwt_target_name=rwt, pwt_source_name=pwt, nwt_source_name=nwt
I0417 15:48:14.079339  4664 master_component.cc:1013] MasterComponent: start regularizing model pwt
I0417 15:48:14.153710  8472 processor.cc:74] No data in processing queue, waiting...
I0417 15:48:14.193781  4664 master_component.cc:1041] MasterComponent: complete regularizing model pwt
I0417 15:48:14.193781  4664 master_component.cc:1509] NormalizeModelArgs: pwt_target_name=pwt, nwt_source_name=nwt, rwt_source_name=rwt
I0417 15:48:14.193781  4664 master_component.cc:1045] MasterComponent: start normalizing model nwt
I0417 15:48:14.278066  4664 master_component.cc:1084] MasterComponent: complete normalizing model nwt
I0417 15:48:14.448837  4664 master_component.cc:1533] DisposeModel rwt
I0417 15:48:14.460824  4664 master_component.cc:1112] FitOffline: ItemsProcessed, num_items=1728, num_batches=2, token_weight=808522, token_weight_in_effect=808522
I0417 15:48:14.460824  4664 c_interface.cc:389] Pass FitOfflineMasterModelArgs, batch_filename_size=2, batch_weight_size=2, num_collection_passes=1, reset_nwt=yes to void (__cdecl artm::core::MasterComponent::*)(class artm::FitOfflineMasterModelArgs const & __ptr64) __ptr64
I0417 15:48:14.460824  4664 master_component.cc:1458] ProcessBatchesArgs: nwt_target_name=nwt, batch_filename_size=2, batch_size=0, batch_weight_size=2, pwt_source_name=pwt, num_document_passes=10, regularizer=(name:SmoothPhi, tau:100000), reuse_theta=no, opt_for_avx=yes, predict_class_id=, reset_nwt=yes
I0417 15:48:14.499410  5156 processor.cc:81] Processing queue has data, processing started
I0417 15:48:14.499410 16064 processor.cc:81] Processing queue has data, processing started
I0417 15:48:14.535181  5156 processor.cc:158] Processor: start processing batch b2f94e05-ef86-4190-81db-4013c144d259 into model nwt
I0417 15:48:14.570004 16064 processor.cc:158] Processor: start processing batch 42cd4832-76ea-46ac-b575-419694a0e109 into model nwt
I0417 15:48:15.191370  5156 processor.cc:293] Processor: complete processing batch b2f94e05-ef86-4190-81db-4013c144d259 into model nwt
I0417 15:48:15.195363  5156 cuckoo_watch.h:45] 699ms in ProcessBatch(postnauka\aaaaaa.batch) [including 37ms in LoadMessage; 0ms in InitializeTheta; 0ms in CreateRegularizerAgents; 24ms in InitializeSparseNdw; 425ms in InferThetaAndUpdateNwtSparse; 206ms in CalculateScore(^^^ItemsProcessedScore^^^); ]
I0417 15:48:15.272722  5156 processor.cc:74] No data in processing queue, waiting...
I0417 15:48:15.900943 16064 processor.cc:293] Processor: complete processing batch 42cd4832-76ea-46ac-b575-419694a0e109 into model nwt
