Log file created at: 2020/04/17 15:28:44
Running on machine: DESKTOP-9S7GMKB
Log line format: [IWEF]mmdd hh:mm:ss.uuuuuu threadid file:line] msg
I0417 15:28:44.747853  4664 c_interface.cc:127] Logging enabled to .
I0417 15:28:44.749549  4664 c_interface.cc:128] BigARTM version: v0.10.1
I0417 15:28:44.749549  4664 c_interface.cc:271] Pass MasterModelConfig: topic_name_size=0, score_config_size=1, num_processors=0, pwt_name=pwt, nwt_name=nwt, num_document_passes=0, reuse_theta=no, cache_theta=no, opt_for_avx=yes, disk_cache_path= to ArtmCreateMasterModel
I0417 15:28:44.749549  4664 c_interface.cc:274] Creating MasterModel (id=1)...
I0417 15:28:44.751549  4664 collection_parser.cc:771] CollectionParserConfig.num_threads is automatically set to 8
I0417 15:28:46.804296  4664 c_interface.cc:375] Pass fcb14a79-018c-493a-8e47-9ce7437bb7c9 to void (__cdecl artm::core::MasterComponent::*)(class std::basic_string<char,struct std::char_traits<char>,class std::allocator<char> > const & __ptr64) __ptr64
I0417 15:28:46.805326  4664 c_interface.cc:389] Pass GatherDictionaryArgs: dictionary_target_name=fcb14a79-018c-493a-8e47-9ce7437bb7c9, data_path=postnauka, symmetric_cooc_values=0 to void (__cdecl artm::core::MasterComponent::*)(class artm::GatherDictionaryArgs const & __ptr64) __ptr64
I0417 15:28:46.805326  4664 dictionary_operations.cc:265] Found 2 batches in 'postnauka' folder
I0417 15:28:47.061349  4664 dictionary_operations.cc:331] Find 26866 unique tokens in 1728 items
I0417 15:28:47.146582  4664 dictionary_operations.cc:611] Dictionary name='fcb14a79-018c-493a-8e47-9ce7437bb7c9' contains entries: author:539; text:26327; 
I0417 15:28:55.041071  4664 c_interface.cc:271] Pass MasterModelConfig: topic_name_size=0, score_config_size=1, num_processors=0, pwt_name=pwt, nwt_name=nwt, num_document_passes=0, reuse_theta=no, cache_theta=no, opt_for_avx=yes, disk_cache_path= to ArtmCreateMasterModel
I0417 15:28:55.041071  4664 c_interface.cc:274] Creating MasterModel (id=2)...
I0417 15:28:55.043067  4664 collection_parser.cc:771] CollectionParserConfig.num_threads is automatically set to 8
W0417 15:28:55.842782  2040 helpers.cc:231] File already exists: postnauka\aaaaaa.batch
W0417 15:28:56.883170 14096 helpers.cc:231] File already exists: postnauka\aaaaab.batch
I0417 15:28:56.994693  4664 c_interface.cc:375] Pass e3df6e76-478f-44ee-a0bd-3c7ec722d256 to void (__cdecl artm::core::MasterComponent::*)(class std::basic_string<char,struct std::char_traits<char>,class std::allocator<char> > const & __ptr64) __ptr64
I0417 15:28:56.994693  4664 c_interface.cc:389] Pass GatherDictionaryArgs: dictionary_target_name=e3df6e76-478f-44ee-a0bd-3c7ec722d256, data_path=postnauka, symmetric_cooc_values=0 to void (__cdecl artm::core::MasterComponent::*)(class artm::GatherDictionaryArgs const & __ptr64) __ptr64
I0417 15:28:56.994693  4664 dictionary_operations.cc:265] Found 2 batches in 'postnauka' folder
I0417 15:28:57.244267  4664 dictionary_operations.cc:331] Find 26866 unique tokens in 1728 items
I0417 15:28:57.326992  4664 dictionary_operations.cc:611] Dictionary name='e3df6e76-478f-44ee-a0bd-3c7ec722d256' contains entries: author:539; text:26327; 
I0417 15:33:47.595016  4664 c_interface.cc:271] Pass MasterModelConfig: topic_name_size=30, score_config_size=1, num_processors=0, pwt_name=pwt, nwt_name=nwt, num_document_passes=10, reuse_theta=no, cache_theta=no, opt_for_avx=yes, disk_cache_path= to ArtmCreateMasterModel
I0417 15:33:47.605085  4664 instance.cc:401] MasterModelConfig.processors_count is automatically set to 8
I0417 15:33:47.606082  8268 processor.cc:58] Processor thread started
I0417 15:33:47.606925 11692 processor.cc:58] Processor thread started
I0417 15:33:47.607926 12500 processor.cc:58] Processor thread started
I0417 15:33:47.608920  5656 processor.cc:58] Processor thread started
I0417 15:33:47.609921 14468 processor.cc:58] Processor thread started
I0417 15:33:47.612213 11112 processor.cc:58] Processor thread started
I0417 15:33:47.613353 14320 processor.cc:58] Processor thread started
I0417 15:33:47.614348  4664 c_interface.cc:274] Creating MasterModel (id=3)...
I0417 15:33:47.614348 14924 processor.cc:58] Processor thread started
I0417 15:33:47.700712 11692 processor.cc:74] No data in processing queue, waiting...
I0417 15:33:47.700712  8268 processor.cc:74] No data in processing queue, waiting...
I0417 15:33:47.704704 12500 processor.cc:74] No data in processing queue, waiting...
I0417 15:33:47.704704 14468 processor.cc:74] No data in processing queue, waiting...
I0417 15:33:47.704704 11112 processor.cc:74] No data in processing queue, waiting...
I0417 15:33:47.704704  5656 processor.cc:74] No data in processing queue, waiting...
I0417 15:33:47.708689 14924 processor.cc:74] No data in processing queue, waiting...
I0417 15:33:47.708689 14320 processor.cc:74] No data in processing queue, waiting...
I0417 15:36:53.102576  4664 c_interface.cc:271] Pass MasterModelConfig: topic_name_size=30, score_config_size=1, num_processors=0, pwt_name=pwt, nwt_name=nwt, num_document_passes=10, reuse_theta=no, cache_theta=no, opt_for_avx=yes, disk_cache_path= to ArtmCreateMasterModel
I0417 15:36:53.102576  4664 instance.cc:401] MasterModelConfig.processors_count is automatically set to 8
I0417 15:36:53.106993  5200 processor.cc:58] Processor thread started
I0417 15:36:53.107630 16496 processor.cc:58] Processor thread started
I0417 15:36:53.108626 14988 processor.cc:58] Processor thread started
I0417 15:36:53.109624  7496 processor.cc:58] Processor thread started
I0417 15:36:53.110297  5736 processor.cc:58] Processor thread started
I0417 15:36:53.111140  9720 processor.cc:58] Processor thread started
I0417 15:36:53.112213 16340 processor.cc:58] Processor thread started
I0417 15:36:53.112586  4664 c_interface.cc:274] Creating MasterModel (id=4)...
I0417 15:36:53.112586  4664 c_interface.cc:375] Pass pwt to void (__cdecl artm::core::MasterComponent::*)(class std::basic_string<char,struct std::char_traits<char>,class std::allocator<char> > const & __ptr64) __ptr64
I0417 15:36:53.112586  4664 c_interface.cc:375] Pass nwt to void (__cdecl artm::core::MasterComponent::*)(class std::basic_string<char,struct std::char_traits<char>,class std::allocator<char> > const & __ptr64) __ptr64
I0417 15:36:53.112586  9612 processor.cc:58] Processor thread started
I0417 15:36:53.112586  4664 c_interface.cc:389] Pass InitializeModelArgs: model_name=pwt, dictionary_name=e3df6e76-478f-44ee-a0bd-3c7ec722d256, topic_name_size=30, seed=-1 to void (__cdecl artm::core::MasterComponent::*)(class artm::InitializeModelArgs const & __ptr64) __ptr64
I0417 15:36:53.193094 16496 processor.cc:74] No data in processing queue, waiting...
I0417 15:36:53.193094  5200 processor.cc:74] No data in processing queue, waiting...
I0417 15:36:53.193094 14988 processor.cc:74] No data in processing queue, waiting...
I0417 15:36:53.198439  9612 processor.cc:74] No data in processing queue, waiting...
I0417 15:36:53.198439  9720 processor.cc:74] No data in processing queue, waiting...
I0417 15:36:53.198439  5736 processor.cc:74] No data in processing queue, waiting...
I0417 15:36:53.198439 16340 processor.cc:74] No data in processing queue, waiting...
I0417 15:36:53.198439  7496 processor.cc:74] No data in processing queue, waiting...
I0417 15:36:53.378126  4664 master_component.cc:699] InitializeModel() created matrix pwt with 30 topics and 26866 tokens; 
I0417 15:36:53.378126  4664 c_interface.cc:389] Pass InitializeModelArgs: model_name=nwt, dictionary_name=e3df6e76-478f-44ee-a0bd-3c7ec722d256, topic_name_size=30, seed=-1 to void (__cdecl artm::core::MasterComponent::*)(class artm::InitializeModelArgs const & __ptr64) __ptr64
I0417 15:36:53.652458  4664 master_component.cc:699] InitializeModel() created matrix nwt with 30 topics and 26866 tokens; 
I0417 15:36:53.652458  4664 c_interface.cc:231] ArtmCopyRequestedMessage is copying 309 bytes...
I0417 15:39:53.242668  4664 c_interface.cc:271] Pass MasterModelConfig: topic_name_size=30, score_config_size=1, num_processors=0, pwt_name=pwt, nwt_name=nwt, num_document_passes=10, reuse_theta=no, cache_theta=no, opt_for_avx=yes, disk_cache_path= to ArtmCreateMasterModel
I0417 15:39:53.242668  4664 instance.cc:401] MasterModelConfig.processors_count is automatically set to 8
I0417 15:39:53.248100  8448 processor.cc:58] Processor thread started
I0417 15:39:53.248100  3424 processor.cc:58] Processor thread started
I0417 15:39:53.248100 16516 processor.cc:58] Processor thread started
I0417 15:39:53.249413  2944 processor.cc:58] Processor thread started
I0417 15:39:53.249877 16820 processor.cc:58] Processor thread started
I0417 15:39:53.249877  1092 processor.cc:58] Processor thread started
I0417 15:39:53.251359 16636 processor.cc:58] Processor thread started
I0417 15:39:53.251430  4664 c_interface.cc:274] Creating MasterModel (id=5)...
I0417 15:39:53.251430  4664 c_interface.cc:375] Pass pwt to void (__cdecl artm::core::MasterComponent::*)(class std::basic_string<char,struct std::char_traits<char>,class std::allocator<char> > const & __ptr64) __ptr64
I0417 15:39:53.251430  4664 c_interface.cc:375] Pass nwt to void (__cdecl artm::core::MasterComponent::*)(class std::basic_string<char,struct std::char_traits<char>,class std::allocator<char> > const & __ptr64) __ptr64
I0417 15:39:53.251430 14548 processor.cc:58] Processor thread started
I0417 15:39:53.251430  4664 c_interface.cc:389] Pass InitializeModelArgs: model_name=pwt, dictionary_name=e3df6e76-478f-44ee-a0bd-3c7ec722d256, topic_name_size=30, seed=1 to void (__cdecl artm::core::MasterComponent::*)(class artm::InitializeModelArgs const & __ptr64) __ptr64
I0417 15:39:53.334795 16516 processor.cc:74] No data in processing queue, waiting...
I0417 15:39:53.334795  2944 processor.cc:74] No data in processing queue, waiting...
I0417 15:39:53.334795 16820 processor.cc:74] No data in processing queue, waiting...
I0417 15:39:53.334795  8448 processor.cc:74] No data in processing queue, waiting...
I0417 15:39:53.334795  1092 processor.cc:74] No data in processing queue, waiting...
I0417 15:39:53.334954  3424 processor.cc:74] No data in processing queue, waiting...
I0417 15:39:53.340106 14548 processor.cc:74] No data in processing queue, waiting...
I0417 15:39:53.340106 16636 processor.cc:74] No data in processing queue, waiting...
I0417 15:39:53.505892  4664 master_component.cc:699] InitializeModel() created matrix pwt with 30 topics and 26866 tokens; 
I0417 15:39:53.505892  4664 c_interface.cc:389] Pass InitializeModelArgs: model_name=nwt, dictionary_name=e3df6e76-478f-44ee-a0bd-3c7ec722d256, topic_name_size=30, seed=1 to void (__cdecl artm::core::MasterComponent::*)(class artm::InitializeModelArgs const & __ptr64) __ptr64
I0417 15:39:53.782977  4664 master_component.cc:699] InitializeModel() created matrix nwt with 30 topics and 26866 tokens; 
I0417 15:39:53.783974  4664 c_interface.cc:231] ArtmCopyRequestedMessage is copying 309 bytes...
I0417 15:40:30.901965  4664 c_interface.cc:231] ArtmCopyRequestedMessage is copying 544 bytes...
I0417 15:40:30.906087  4664 phi_matrix_operations.cc:150] RetrieveExternalTopicModel() with 30 topics, 26866 tokens
I0417 15:40:30.948148  4664 c_interface.cc:231] ArtmCopyRequestedMessage is copying 825334 bytes...
I0417 15:40:31.342757  8268 processor.cc:66] Processor thread stopped
I0417 15:40:31.342757  8268 processor.cc:67] Total number of processed batches: 0
I0417 15:40:31.349674 11692 processor.cc:66] Processor thread stopped
I0417 15:40:31.349674 11692 processor.cc:67] Total number of processed batches: 0
I0417 15:40:31.356045 12500 processor.cc:66] Processor thread stopped
I0417 15:40:31.356045 12500 processor.cc:67] Total number of processed batches: 0
I0417 15:40:31.361901  5656 processor.cc:66] Processor thread stopped
I0417 15:40:31.361955  5656 processor.cc:67] Total number of processed batches: 0
I0417 15:40:31.368506 14468 processor.cc:66] Processor thread stopped
I0417 15:40:31.368506 14468 processor.cc:67] Total number of processed batches: 0
I0417 15:40:31.374601 11112 processor.cc:66] Processor thread stopped
I0417 15:40:31.374601 11112 processor.cc:67] Total number of processed batches: 0
I0417 15:40:31.380682 14320 processor.cc:66] Processor thread stopped
I0417 15:40:31.380682 14320 processor.cc:67] Total number of processed batches: 0
I0417 15:40:31.384645 14924 processor.cc:66] Processor thread stopped
I0417 15:40:31.384891 14924 processor.cc:67] Total number of processed batches: 0
I0417 15:40:31.384891  4664 c_interface.cc:339] Disposing MasterComponent (id=3)...
I0417 15:40:31.390170  5200 processor.cc:66] Processor thread stopped
I0417 15:40:31.390170  5200 processor.cc:67] Total number of processed batches: 0
I0417 15:40:31.396404 16496 processor.cc:66] Processor thread stopped
I0417 15:40:31.396404 16496 processor.cc:67] Total number of processed batches: 0
I0417 15:40:31.403668 14988 processor.cc:66] Processor thread stopped
I0417 15:40:31.403668 14988 processor.cc:67] Total number of processed batches: 0
I0417 15:40:31.410145  7496 processor.cc:66] Processor thread stopped
I0417 15:40:31.410145  7496 processor.cc:67] Total number of processed batches: 0
I0417 15:40:31.416581  5736 processor.cc:66] Processor thread stopped
I0417 15:40:31.416581  5736 processor.cc:67] Total number of processed batches: 0
I0417 15:40:31.422744  9720 processor.cc:66] Processor thread stopped
I0417 15:40:31.422744  9720 processor.cc:67] Total number of processed batches: 0
I0417 15:40:31.428969 16340 processor.cc:66] Processor thread stopped
I0417 15:40:31.428969 16340 processor.cc:67] Total number of processed batches: 0
I0417 15:40:31.435194  9612 processor.cc:66] Processor thread stopped
I0417 15:40:31.435194  9612 processor.cc:67] Total number of processed batches: 0
I0417 15:40:31.486496  4664 c_interface.cc:339] Disposing MasterComponent (id=4)...
I0417 15:40:32.254140  4664 phi_matrix_operations.cc:150] RetrieveExternalTopicModel() with 30 topics, 26866 tokens
I0417 15:40:32.296234  4664 c_interface.cc:231] ArtmCopyRequestedMessage is copying 717870 bytes...
I0417 15:40:32.596243  4664 c_interface.cc:236] ArtmCopyRequestedObject is copying 3223920 bytes...
I0417 15:40:46.598064  4664 c_interface.cc:389] Pass MasterModelConfig: topic_name_size=30, score_config_size=2, num_processors=0, pwt_name=pwt, nwt_name=nwt, num_document_passes=10, reuse_theta=no, cache_theta=no, opt_for_avx=yes, disk_cache_path= to void (__cdecl artm::core::MasterComponent::*)(class artm::MasterModelConfig const & __ptr64) __ptr64
I0417 15:40:46.598243  4664 instance.cc:401] MasterModelConfig.processors_count is automatically set to 8
I0417 15:41:59.199762  4664 c_interface.cc:271] Pass MasterModelConfig: topic_name_size=30, score_config_size=1, num_processors=0, pwt_name=pwt, nwt_name=nwt, num_document_passes=10, reuse_theta=no, cache_theta=no, opt_for_avx=yes, disk_cache_path= to ArtmCreateMasterModel
I0417 15:41:59.199762  4664 instance.cc:401] MasterModelConfig.processors_count is automatically set to 8
I0417 15:41:59.203526  6108 processor.cc:58] Processor thread started
I0417 15:41:59.204521  5156 processor.cc:58] Processor thread started
I0417 15:41:59.205418 10496 processor.cc:58] Processor thread started
I0417 15:41:59.206461  8472 processor.cc:58] Processor thread started
I0417 15:41:59.206461 16300 processor.cc:58] Processor thread started
I0417 15:41:59.207541 16064 processor.cc:58] Processor thread started
I0417 15:41:59.209089  2136 processor.cc:58] Processor thread started
I0417 15:41:59.209089  4664 c_interface.cc:274] Creating MasterModel (id=6)...
I0417 15:41:59.209089  4664 c_interface.cc:375] Pass pwt to void (__cdecl artm::core::MasterComponent::*)(class std::basic_string<char,struct std::char_traits<char>,class std::allocator<char> > const & __ptr64) __ptr64
I0417 15:41:59.209089  4664 c_interface.cc:375] Pass nwt to void (__cdecl artm::core::MasterComponent::*)(class std::basic_string<char,struct std::char_traits<char>,class std::allocator<char> > const & __ptr64) __ptr64
I0417 15:41:59.209089 17372 processor.cc:58] Processor thread started
I0417 15:41:59.210155  4664 c_interface.cc:389] Pass InitializeModelArgs: model_name=pwt, dictionary_name=e3df6e76-478f-44ee-a0bd-3c7ec722d256, topic_name_size=30, seed=1 to void (__cdecl artm::core::MasterComponent::*)(class artm::InitializeModelArgs const & __ptr64) __ptr64
I0417 15:41:59.287797  6108 processor.cc:74] No data in processing queue, waiting...
I0417 15:41:59.287797 10496 processor.cc:74] No data in processing queue, waiting...
I0417 15:41:59.287797  5156 processor.cc:74] No data in processing queue, waiting...
I0417 15:41:59.291862  2136 processor.cc:74] No data in processing queue, waiting...
I0417 15:41:59.291862  8472 processor.cc:74] No data in processing queue, waiting...
I0417 15:41:59.291862 17372 processor.cc:74] No data in processing queue, waiting...
I0417 15:41:59.291862 16064 processor.cc:74] No data in processing queue, waiting...
I0417 15:41:59.291862 16300 processor.cc:74] No data in processing queue, waiting...
I0417 15:41:59.468717  4664 master_component.cc:699] InitializeModel() created matrix pwt with 30 topics and 26866 tokens; 
I0417 15:41:59.468717  4664 c_interface.cc:389] Pass InitializeModelArgs: model_name=nwt, dictionary_name=e3df6e76-478f-44ee-a0bd-3c7ec722d256, topic_name_size=30, seed=1 to void (__cdecl artm::core::MasterComponent::*)(class artm::InitializeModelArgs const & __ptr64) __ptr64
I0417 15:41:59.742151  4664 master_component.cc:699] InitializeModel() created matrix nwt with 30 topics and 26866 tokens; 
I0417 15:41:59.742151  4664 c_interface.cc:231] ArtmCopyRequestedMessage is copying 309 bytes...
I0417 15:42:06.309621  4664 c_interface.cc:389] Pass MasterModelConfig: topic_name_size=30, score_config_size=2, num_processors=0, pwt_name=pwt, nwt_name=nwt, num_document_passes=10, reuse_theta=no, cache_theta=no, opt_for_avx=yes, disk_cache_path= to void (__cdecl artm::core::MasterComponent::*)(class artm::MasterModelConfig const & __ptr64) __ptr64
I0417 15:42:06.309621  4664 instance.cc:401] MasterModelConfig.processors_count is automatically set to 8
I0417 15:42:06.311143  4664 c_interface.cc:389] Pass MasterModelConfig: topic_name_size=30, score_config_size=3, num_processors=0, pwt_name=pwt, nwt_name=nwt, num_document_passes=10, reuse_theta=no, cache_theta=no, opt_for_avx=yes, disk_cache_path= to void (__cdecl artm::core::MasterComponent::*)(class artm::MasterModelConfig const & __ptr64) __ptr64
I0417 15:42:06.311143  4664 instance.cc:401] MasterModelConfig.processors_count is automatically set to 8
I0417 15:43:18.003054  4664 c_interface.cc:231] ArtmCopyRequestedMessage is copying 788 bytes...
I0417 15:43:18.009327  4664 phi_matrix_operations.cc:150] RetrieveExternalTopicModel() with 30 topics, 26866 tokens
I0417 15:43:18.042755  4664 c_interface.cc:231] ArtmCopyRequestedMessage is copying 825334 bytes...
I0417 15:43:18.386873  8448 processor.cc:66] Processor thread stopped
I0417 15:43:18.386873  8448 processor.cc:67] Total number of processed batches: 0
I0417 15:43:18.392932  3424 processor.cc:66] Processor thread stopped
I0417 15:43:18.392932  3424 processor.cc:67] Total number of processed batches: 0
I0417 15:43:18.398875 16516 processor.cc:66] Processor thread stopped
I0417 15:43:18.398875 16516 processor.cc:67] Total number of processed batches: 0
I0417 15:43:18.404968  2944 processor.cc:66] Processor thread stopped
I0417 15:43:18.404968  2944 processor.cc:67] Total number of processed batches: 0
I0417 15:43:18.408951 16820 processor.cc:66] Processor thread stopped
I0417 15:43:18.408951 16820 processor.cc:67] Total number of processed batches: 0
I0417 15:43:18.415004  1092 processor.cc:66] Processor thread stopped
I0417 15:43:18.415004  1092 processor.cc:67] Total number of processed batches: 0
I0417 15:43:18.420966 16636 processor.cc:66] Processor thread stopped
I0417 15:43:18.420966 16636 processor.cc:67] Total number of processed batches: 0
I0417 15:43:18.427105 14548 processor.cc:66] Processor thread stopped
I0417 15:43:18.427105 14548 processor.cc:67] Total number of processed batches: 0
I0417 15:43:18.475982  4664 c_interface.cc:339] Disposing MasterComponent (id=5)...
I0417 15:43:19.352684  4664 phi_matrix_operations.cc:150] RetrieveExternalTopicModel() with 30 topics, 26866 tokens
I0417 15:43:19.392623  4664 c_interface.cc:231] ArtmCopyRequestedMessage is copying 717870 bytes...
I0417 15:43:19.692260  4664 c_interface.cc:236] ArtmCopyRequestedObject is copying 3223920 bytes...
I0417 15:43:34.816649  4664 c_interface.cc:231] ArtmCopyRequestedMessage is copying 788 bytes...
I0417 15:43:46.322444  4664 c_interface.cc:231] ArtmCopyRequestedMessage is copying 788 bytes...
I0417 15:43:55.025391  4664 c_interface.cc:375] Pass pwt to void (__cdecl artm::core::MasterComponent::*)(class std::basic_string<char,struct std::char_traits<char>,class std::allocator<char> > const & __ptr64) __ptr64
I0417 15:43:55.044317  4664 c_interface.cc:375] Pass nwt to void (__cdecl artm::core::MasterComponent::*)(class std::basic_string<char,struct std::char_traits<char>,class std::allocator<char> > const & __ptr64) __ptr64
I0417 15:43:55.058749  4664 c_interface.cc:389] Pass InitializeModelArgs: model_name=pwt, dictionary_name=e3df6e76-478f-44ee-a0bd-3c7ec722d256, topic_name_size=30, seed=1 to void (__cdecl artm::core::MasterComponent::*)(class artm::InitializeModelArgs const & __ptr64) __ptr64
I0417 15:43:55.341579  4664 master_component.cc:699] InitializeModel() created matrix pwt with 30 topics and 26866 tokens; 
I0417 15:43:55.342612  4664 c_interface.cc:389] Pass InitializeModelArgs: model_name=nwt, dictionary_name=e3df6e76-478f-44ee-a0bd-3c7ec722d256, topic_name_size=30, seed=1 to void (__cdecl artm::core::MasterComponent::*)(class artm::InitializeModelArgs const & __ptr64) __ptr64
I0417 15:43:55.613318  4664 master_component.cc:699] InitializeModel() created matrix nwt with 30 topics and 26866 tokens; 
I0417 15:43:55.617388  4664 c_interface.cc:231] ArtmCopyRequestedMessage is copying 457 bytes...
I0417 15:44:29.988801  4664 c_interface.cc:231] ArtmCopyRequestedMessage is copying 788 bytes...
I0417 15:44:29.995240  4664 phi_matrix_operations.cc:150] RetrieveExternalTopicModel() with 30 topics, 26866 tokens
I0417 15:44:30.035749  4664 c_interface.cc:231] ArtmCopyRequestedMessage is copying 825334 bytes...
I0417 15:44:31.305593  4664 phi_matrix_operations.cc:150] RetrieveExternalTopicModel() with 30 topics, 26866 tokens
I0417 15:44:31.342757  4664 c_interface.cc:231] ArtmCopyRequestedMessage is copying 717870 bytes...
I0417 15:44:31.815099  4664 c_interface.cc:236] ArtmCopyRequestedObject is copying 3223920 bytes...
I0417 15:46:25.122285  4664 c_interface.cc:389] Pass MasterModelConfig: topic_name_size=30, score_config_size=3, num_processors=0, pwt_name=pwt, nwt_name=nwt, num_document_passes=10, regularizer=(SmoothPhi:100000), reuse_theta=no, cache_theta=no, opt_for_avx=yes, disk_cache_path= to void (__cdecl artm::core::MasterComponent::*)(class artm::MasterModelConfig const & __ptr64) __ptr64
I0417 15:46:25.122285  4664 instance.cc:401] MasterModelConfig.processors_count is automatically set to 8
I0417 15:46:25.122285  4664 instance.cc:232] Regularizer 'SmoothPhi' was cold-reconfigured
I0417 15:47:08.639214  4664 c_interface.cc:231] ArtmCopyRequestedMessage is copying 912 bytes...
I0417 15:47:25.803854  4664 c_interface.cc:389] Pass FitOfflineMasterModelArgs, batch_filename_size=2, batch_weight_size=2, num_collection_passes=1, reset_nwt=yes to void (__cdecl artm::core::MasterComponent::*)(class artm::FitOfflineMasterModelArgs const & __ptr64) __ptr64
I0417 15:47:25.803854  4664 master_component.cc:1458] ProcessBatchesArgs: nwt_target_name=nwt, batch_filename_size=2, batch_size=0, batch_weight_size=2, pwt_source_name=pwt, num_document_passes=10, regularizer=(name:SmoothPhi, tau:100000), reuse_theta=no, opt_for_avx=yes, predict_class_id=, reset_nwt=yes
I0417 15:47:25.815480  4664 master_component.cc:863] Batches count (=2) is smaller than num processors (=8), which may cause suboptimal performance.
I0417 15:47:25.819023  8472 processor.cc:81] Processing queue has data, processing started
I0417 15:47:25.819023 17372 processor.cc:81] Processing queue has data, processing started
I0417 15:47:25.856201  8472 processor.cc:158] Processor: start processing batch b2f94e05-ef86-4190-81db-4013c144d259 into model nwt
I0417 15:47:25.891463 17372 processor.cc:158] Processor: start processing batch 42cd4832-76ea-46ac-b575-419694a0e109 into model nwt
I0417 15:47:26.564301  8472 processor.cc:293] Processor: complete processing batch b2f94e05-ef86-4190-81db-4013c144d259 into model nwt
I0417 15:47:26.568296  8472 cuckoo_watch.h:45] 750ms in ProcessBatch(postnauka\aaaaaa.batch) [including 40ms in LoadMessage; 0ms in InitializeTheta; 0ms in CreateRegularizerAgents; 26ms in InitializeSparseNdw; 470ms in InferThetaAndUpdateNwtSparse; 208ms in CalculateScore(^^^ItemsProcessedScore^^^); ]
I0417 15:47:26.648175  8472 processor.cc:74] No data in processing queue, waiting...
I0417 15:47:27.177733 17372 processor.cc:293] Processor: complete processing batch 42cd4832-76ea-46ac-b575-419694a0e109 into model nwt
I0417 15:47:27.181777 17372 cuckoo_watch.h:45] 1363ms in ProcessBatch(postnauka\aaaaab.batch) [including 72ms in LoadMessage; 0ms in InitializeTheta; 0ms in CreateRegularizerAgents; 77ms in InitializeSparseNdw; 960ms in InferThetaAndUpdateNwtSparse; 247ms in CalculateScore(^^^ItemsProcessedScore^^^); ]
I0417 15:47:27.185667  4664 master_component.cc:1496] RegularizeModelArgs: rwt_target_name=rwt, pwt_source_name=pwt, nwt_source_name=nwt
I0417 15:47:27.185667  4664 master_component.cc:1013] MasterComponent: start regularizing model pwt
I0417 15:47:27.266423  4664 master_component.cc:1041] MasterComponent: complete regularizing model pwt
I0417 15:47:27.266423  4664 master_component.cc:1509] NormalizeModelArgs: pwt_target_name=pwt, nwt_source_name=nwt, rwt_source_name=rwt
I0417 15:47:27.266423  4664 master_component.cc:1045] MasterComponent: start normalizing model nwt
I0417 15:47:27.276161 17372 processor.cc:74] No data in processing queue, waiting...
I0417 15:47:27.317705  4664 master_component.cc:1084] MasterComponent: complete normalizing model nwt
I0417 15:47:27.514714  4664 master_component.cc:1533] DisposeModel rwt
I0417 15:47:27.527904  4664 master_component.cc:1112] FitOffline: ItemsProcessed, num_items=1728, num_batches=2, token_weight=808522, token_weight_in_effect=808522
I0417 15:47:27.531898  4664 c_interface.cc:389] Pass FitOfflineMasterModelArgs, batch_filename_size=2, batch_weight_size=2, num_collection_passes=1, reset_nwt=yes to void (__cdecl artm::core::MasterComponent::*)(class artm::FitOfflineMasterModelArgs const & __ptr64) __ptr64
I0417 15:47:27.531898  4664 master_component.cc:1458] ProcessBatchesArgs: nwt_target_name=nwt, batch_filename_size=2, batch_size=0, batch_weight_size=2, pwt_source_name=pwt, num_document_passes=10, regularizer=(name:SmoothPhi, tau:100000), reuse_theta=no, opt_for_avx=yes, predict_class_id=, reset_nwt=yes
I0417 15:47:27.559810  8472 processor.cc:81] Processing queue has data, processing started
I0417 15:47:27.563840  2136 processor.cc:81] Processing queue has data, processing started
I0417 15:47:27.606825  8472 processor.cc:158] Processor: start processing batch b2f94e05-ef86-4190-81db-4013c144d259 into model nwt
I0417 15:47:27.648401  2136 processor.cc:158] Processor: start processing batch 42cd4832-76ea-46ac-b575-419694a0e109 into model nwt
I0417 15:47:28.223579  8472 processor.cc:293] Processor: complete processing batch b2f94e05-ef86-4190-81db-4013c144d259 into model nwt
I0417 15:47:28.227298  8472 cuckoo_watch.h:45] 668ms in ProcessBatch(postnauka\aaaaaa.batch) [including 47ms in LoadMessage; 0ms in InitializeTheta; 0ms in CreateRegularizerAgents; 31ms in InitializeSparseNdw; 420ms in InferThetaAndUpdateNwtSparse; 164ms in CalculateScore(^^^ItemsProcessedScore^^^); ]
I0417 15:47:28.321583  8472 processor.cc:74] No data in processing queue, waiting...
I0417 15:47:29.081816  2136 processor.cc:293] Processor: complete processing batch 42cd4832-76ea-46ac-b575-419694a0e109 into model nwt
I0417 15:47:29.089814  2136 cuckoo_watch.h:45] 1528ms in ProcessBatch(postnauka\aaaaab.batch) [including 86ms in LoadMessage; 0ms in InitializeTheta; 0ms in CreateRegularizerAgents; 62ms in InitializeSparseNdw; 997ms in InferThetaAndUpdateNwtSparse; 370ms in CalculateScore(^^^ItemsProcessedScore^^^); ]
I0417 15:47:29.093958  4664 master_component.cc:1496] RegularizeModelArgs: rwt_target_name=rwt, pwt_source_name=pwt, nwt_source_name=nwt
I0417 15:47:29.093958  4664 master_component.cc:1013] MasterComponent: start regularizing model pwt
I0417 15:47:29.171212  2136 processor.cc:74] No data in processing queue, waiting...
I0417 15:47:29.213513  4664 master_component.cc:1041] MasterComponent: complete regularizing model pwt
I0417 15:47:29.213513  4664 master_component.cc:1509] NormalizeModelArgs: pwt_target_name=pwt, nwt_source_name=nwt, rwt_source_name=rwt
I0417 15:47:29.213513  4664 master_component.cc:1045] MasterComponent: start normalizing model nwt
I0417 15:47:29.290894  4664 master_component.cc:1084] MasterComponent: complete normalizing model nwt
I0417 15:47:29.497529  4664 master_component.cc:1533] DisposeModel rwt
I0417 15:47:29.509518  4664 master_component.cc:1112] FitOffline: ItemsProcessed, num_items=1728, num_batches=2, token_weight=808522, token_weight_in_effect=808522
I0417 15:47:29.509518  4664 c_interface.cc:389] Pass FitOfflineMasterModelArgs, batch_filename_size=2, batch_weight_size=2, num_collection_passes=1, reset_nwt=yes to void (__cdecl artm::core::MasterComponent::*)(class artm::FitOfflineMasterModelArgs const & __ptr64) __ptr64
I0417 15:47:29.509518  4664 master_component.cc:1458] ProcessBatchesArgs: nwt_target_name=nwt, batch_filename_size=2, batch_size=0, batch_weight_size=2, pwt_source_name=pwt, num_document_passes=10, regularizer=(name:SmoothPhi, tau:100000), reuse_theta=no, opt_for_avx=yes, predict_class_id=, reset_nwt=yes
I0417 15:47:29.542987  5156 processor.cc:81] Processing queue has data, processing started
I0417 15:47:29.542987 16300 processor.cc:81] Processing queue has data, processing started
I0417 15:47:29.586906  5156 processor.cc:158] Processor: start processing batch b2f94e05-ef86-4190-81db-4013c144d259 into model nwt
I0417 15:47:29.619949 16300 processor.cc:158] Processor: start processing batch 42cd4832-76ea-46ac-b575-419694a0e109 into model nwt
I0417 15:47:30.289479  5156 processor.cc:293] Processor: complete processing batch b2f94e05-ef86-4190-81db-4013c144d259 into model nwt
I0417 15:47:30.293467  5156 cuckoo_watch.h:45] 753ms in ProcessBatch(postnauka\aaaaaa.batch) [including 44ms in LoadMessage; 0ms in InitializeTheta; 0ms in CreateRegularizerAgents; 26ms in InitializeSparseNdw; 478ms in InferThetaAndUpdateNwtSparse; 199ms in CalculateScore(^^^ItemsProcessedScore^^^); ]
I0417 15:47:30.374843  5156 processor.cc:74] No data in processing queue, waiting...
I0417 15:47:31.008780 16300 processor.cc:293] Processor: complete processing batch 42cd4832-76ea-46ac-b575-419694a0e109 into model nwt
I0417 15:47:31.016772 16300 cuckoo_watch.h:45] 1476ms in ProcessBatch(postnauka\aaaaab.batch) [including 80ms in LoadMessage; 0ms in InitializeTheta; 0ms in CreateRegularizerAgents; 68ms in InitializeSparseNdw; 960ms in InferThetaAndUpdateNwtSparse; 356ms in CalculateScore(^^^ItemsProcessedScore^^^); ]
I0417 15:47:31.020763  4664 master_component.cc:1496] RegularizeModelArgs: rwt_target_name=rwt, pwt_source_name=pwt, nwt_source_name=nwt
I0417 15:47:31.020763  4664 master_component.cc:1013] MasterComponent: start regularizing model pwt
I0417 15:47:31.094516 16300 processor.cc:74] No data in processing queue, waiting...
I0417 15:47:31.129830  4664 master_component.cc:1041] MasterComponent: complete regularizing model pwt
I0417 15:47:31.129830  4664 master_component.cc:1509] NormalizeModelArgs: pwt_target_name=pwt, nwt_source_name=nwt, rwt_source_name=rwt
I0417 15:47:31.129830  4664 master_component.cc:1045] MasterComponent: start normalizing model nwt
I0417 15:47:31.174391  4664 master_component.cc:1084] MasterComponent: complete normalizing model nwt
I0417 15:47:31.371820  4664 master_component.cc:1533] DisposeModel rwt
I0417 15:47:31.387794  4664 master_component.cc:1112] FitOffline: ItemsProcessed, num_items=1728, num_batches=2, token_weight=808522, token_weight_in_effect=808522
I0417 15:47:31.387794  4664 c_interface.cc:389] Pass FitOfflineMasterModelArgs, batch_filename_size=2, batch_weight_size=2, num_collection_passes=1, reset_nwt=yes to void (__cdecl artm::core::MasterComponent::*)(class artm::FitOfflineMasterModelArgs const & __ptr64) __ptr64
I0417 15:47:31.387794  4664 master_component.cc:1458] ProcessBatchesArgs: nwt_target_name=nwt, batch_filename_size=2, batch_size=0, batch_weight_size=2, pwt_source_name=pwt, num_document_passes=10, regularizer=(name:SmoothPhi, tau:100000), reuse_theta=no, opt_for_avx=yes, predict_class_id=, reset_nwt=yes
I0417 15:47:31.418705  5156 processor.cc:81] Processing queue has data, processing started
I0417 15:47:31.418705 16300 processor.cc:81] Processing queue has data, processing started
I0417 15:47:31.457463  5156 processor.cc:158] Processor: start processing batch b2f94e05-ef86-4190-81db-4013c144d259 into model nwt
I0417 15:47:31.494560 16300 processor.cc:158] Processor: start processing batch 42cd4832-76ea-46ac-b575-419694a0e109 into model nwt
I0417 15:47:32.110388  5156 processor.cc:293] Processor: complete processing batch b2f94e05-ef86-4190-81db-4013c144d259 into model nwt
I0417 15:47:32.118371  5156 cuckoo_watch.h:45] 700ms in ProcessBatch(postnauka\aaaaaa.batch) [including 40ms in LoadMessage; 0ms in InitializeTheta; 0ms in CreateRegularizerAgents; 32ms in InitializeSparseNdw; 439ms in InferThetaAndUpdateNwtSparse; 181ms in CalculateScore(^^^ItemsProcessedScore^^^); ]
I0417 15:47:32.194247  5156 processor.cc:74] No data in processing queue, waiting...
I0417 15:47:32.859000 16300 processor.cc:293] Processor: complete processing batch 42cd4832-76ea-46ac-b575-419694a0e109 into model nwt
I0417 15:47:32.868142 16300 cuckoo_watch.h:45] 1449ms in ProcessBatch(postnauka\aaaaab.batch) [including 79ms in LoadMessage; 0ms in InitializeTheta; 0ms in CreateRegularizerAgents; 68ms in InitializeSparseNdw; 929ms in InferThetaAndUpdateNwtSparse; 362ms in CalculateScore(^^^ItemsProcessedScore^^^); ]
I0417 15:47:32.872598  4664 master_component.cc:1496] RegularizeModelArgs: rwt_target_name=rwt, pwt_source_name=pwt, nwt_source_name=nwt
I0417 15:47:32.872598  4664 master_component.cc:1013] MasterComponent: start regularizing model pwt
I0417 15:47:32.946825 16300 processor.cc:74] No data in processing queue, waiting...
I0417 15:47:32.978775  4664 master_component.cc:1041] MasterComponent: complete regularizing model pwt
I0417 15:47:32.978775  4664 master_component.cc:1509] NormalizeModelArgs: pwt_target_name=pwt, nwt_source_name=nwt, rwt_source_name=rwt
I0417 15:47:32.978775  4664 master_component.cc:1045] MasterComponent: start normalizing model nwt
I0417 15:47:33.028040  4664 master_component.cc:1084] MasterComponent: complete normalizing model nwt
I0417 15:47:33.224727  4664 master_component.cc:1533] DisposeModel rwt
I0417 15:47:33.236707  4664 master_component.cc:1112] FitOffline: ItemsProcessed, num_items=1728, num_batches=2, token_weight=808522, token_weight_in_effect=808522
I0417 15:47:33.240700  4664 c_interface.cc:389] Pass FitOfflineMasterModelArgs, batch_filename_size=2, batch_weight_size=2, num_collection_passes=1, reset_nwt=yes to void (__cdecl artm::core::MasterComponent::*)(class artm::FitOfflineMasterModelArgs const & __ptr64) __ptr64
I0417 15:47:33.240700  4664 master_component.cc:1458] ProcessBatchesArgs: nwt_target_name=nwt, batch_filename_size=2, batch_size=0, batch_weight_size=2, pwt_source_name=pwt, num_document_passes=10, regularizer=(name:SmoothPhi, tau:100000), reuse_theta=no, opt_for_avx=yes, predict_class_id=, reset_nwt=yes
I0417 15:47:33.271275 16064 processor.cc:81] Processing queue has data, processing started
I0417 15:47:33.271275 17372 processor.cc:81] Processing queue has data, processing started
I0417 15:47:33.327028 16064 processor.cc:158] Processor: start processing batch b2f94e05-ef86-4190-81db-4013c144d259 into model nwt
I0417 15:47:33.360633 17372 processor.cc:158] Processor: start processing batch 42cd4832-76ea-46ac-b575-419694a0e109 into model nwt
I0417 15:47:33.982261 16064 processor.cc:293] Processor: complete processing batch b2f94e05-ef86-4190-81db-4013c144d259 into model nwt
I0417 15:47:33.986256 16064 cuckoo_watch.h:45] 717ms in ProcessBatch(postnauka\aaaaaa.batch) [including 58ms in LoadMessage; 0ms in InitializeTheta; 0ms in CreateRegularizerAgents; 27ms in InitializeSparseNdw; 449ms in InferThetaAndUpdateNwtSparse; 177ms in CalculateScore(^^^ItemsProcessedScore^^^); ]
I0417 15:47:34.065912 16064 processor.cc:74] No data in processing queue, waiting...
I0417 15:47:34.723170 17372 processor.cc:293] Processor: complete processing batch 42cd4832-76ea-46ac-b575-419694a0e109 into model nwt
I0417 15:47:34.735146 17372 cuckoo_watch.h:45] 1464ms in ProcessBatch(postnauka\aaaaab.batch) [including 89ms in LoadMessage; 0ms in InitializeTheta; 0ms in CreateRegularizerAgents; 68ms in InitializeSparseNdw; 936ms in InferThetaAndUpdateNwtSparse; 357ms in CalculateScore(^^^ItemsProcessedScore^^^); ]
I0417 15:47:34.739331  4664 master_component.cc:1496] RegularizeModelArgs: rwt_target_name=rwt, pwt_source_name=pwt, nwt_source_name=nwt
I0417 15:47:34.739331  4664 master_component.cc:1013] MasterComponent: start regularizing model pwt
I0417 15:47:34.812265 17372 processor.cc:74] No data in processing queue, waiting...
I0417 15:47:34.848181  4664 master_component.cc:1041] MasterComponent: complete regularizing model pwt
I0417 15:47:34.848181  4664 master_component.cc:1509] NormalizeModelArgs: pwt_target_name=pwt, nwt_source_name=nwt, rwt_source_name=rwt
I0417 15:47:34.848181  4664 master_component.cc:1045] MasterComponent: start normalizing model nwt
I0417 15:47:34.899543  4664 master_component.cc:1084] MasterComponent: complete normalizing model nwt
I0417 15:47:35.102047  4664 master_component.cc:1533] DisposeModel rwt
I0417 15:47:35.115295  4664 master_component.cc:1112] FitOffline: ItemsProcessed, num_items=1728, num_batches=2, token_weight=808522, token_weight_in_effect=808522
I0417 15:47:35.115295  4664 c_interface.cc:389] Pass FitOfflineMasterModelArgs, batch_filename_size=2, batch_weight_size=2, num_collection_passes=1, reset_nwt=yes to void (__cdecl artm::core::MasterComponent::*)(class artm::FitOfflineMasterModelArgs const & __ptr64) __ptr64
I0417 15:47:35.115295  4664 master_component.cc:1458] ProcessBatchesArgs: nwt_target_name=nwt, batch_filename_size=2, batch_size=0, batch_weight_size=2, pwt_source_name=pwt, num_document_passes=10, regularizer=(name:SmoothPhi, tau:100000), reuse_theta=no, opt_for_avx=yes, predict_class_id=, reset_nwt=yes
I0417 15:47:35.144328  5156 processor.cc:81] Processing queue has data, processing started
I0417 15:47:35.149600 16300 processor.cc:81] Processing queue has data, processing started
I0417 15:47:35.185194  5156 processor.cc:158] Processor: start processing batch b2f94e05-ef86-4190-81db-4013c144d259 into model nwt
I0417 15:47:35.233129 16300 processor.cc:158] Processor: start processing batch 42cd4832-76ea-46ac-b575-419694a0e109 into model nwt
I0417 15:47:35.845584  5156 processor.cc:293] Processor: complete processing batch b2f94e05-ef86-4190-81db-4013c144d259 into model nwt
I0417 15:47:35.853543  5156 cuckoo_watch.h:45] 709ms in ProcessBatch(postnauka\aaaaaa.batch) [including 41ms in LoadMessage; 0ms in InitializeTheta; 0ms in CreateRegularizerAgents; 30ms in InitializeSparseNdw; 449ms in InferThetaAndUpdateNwtSparse; 181ms in CalculateScore(^^^ItemsProcessedScore^^^); ]
I0417 15:47:35.935628  5156 processor.cc:74] No data in processing queue, waiting...
I0417 15:47:36.604045 16300 processor.cc:293] Processor: complete processing batch 42cd4832-76ea-46ac-b575-419694a0e109 into model nwt
I0417 15:47:36.612037 16300 cuckoo_watch.h:45] 1464ms in ProcessBatch(postnauka\aaaaab.batch) [including 85ms in LoadMessage; 0ms in InitializeTheta; 0ms in CreateRegularizerAgents; 66ms in InitializeSparseNdw; 938ms in InferThetaAndUpdateNwtSparse; 363ms in CalculateScore(^^^ItemsProcessedScore^^^); ]
I0417 15:47:36.616191  4664 master_component.cc:1496] RegularizeModelArgs: rwt_target_name=rwt, pwt_source_name=pwt, nwt_source_name=nwt
I0417 15:47:36.616191  4664 master_component.cc:1013] MasterComponent: start regularizing model pwt
I0417 15:47:36.693882 16300 processor.cc:74] No data in processing queue, waiting...
I0417 15:47:36.725841  4664 master_component.cc:1041] MasterComponent: complete regularizing model pwt
I0417 15:47:36.725841  4664 master_component.cc:1509] NormalizeModelArgs: pwt_target_name=pwt, nwt_source_name=nwt, rwt_source_name=rwt
I0417 15:47:36.725841  4664 master_component.cc:1045] MasterComponent: start normalizing model nwt
I0417 15:47:36.776245  4664 master_component.cc:1084] MasterComponent: complete normalizing model nwt
I0417 15:47:36.969797  4664 master_component.cc:1533] DisposeModel rwt
I0417 15:47:36.985775  4664 master_component.cc:1112] FitOffline: ItemsProcessed, num_items=1728, num_batches=2, token_weight=808522, token_weight_in_effect=808522
I0417 15:47:36.985775  4664 c_interface.cc:389] Pass FitOfflineMasterModelArgs, batch_filename_size=2, batch_weight_size=2, num_collection_passes=1, reset_nwt=yes to void (__cdecl artm::core::MasterComponent::*)(class artm::FitOfflineMasterModelArgs const & __ptr64) __ptr64
I0417 15:47:36.985775  4664 master_component.cc:1458] ProcessBatchesArgs: nwt_target_name=nwt, batch_filename_size=2, batch_size=0, batch_weight_size=2, pwt_source_name=pwt, num_document_passes=10, regularizer=(name:SmoothPhi, tau:100000), reuse_theta=no, opt_for_avx=yes, predict_class_id=, reset_nwt=yes
I0417 15:47:37.014999 16064 processor.cc:81] Processing queue has data, processing started
I0417 15:47:37.018535  8472 processor.cc:81] Processing queue has data, processing started
I0417 15:47:37.055886 16064 processor.cc:158] Processor: start processing batch b2f94e05-ef86-4190-81db-4013c144d259 into model nwt
I0417 15:47:37.100606  8472 processor.cc:158] Processor: start processing batch 42cd4832-76ea-46ac-b575-419694a0e109 into model nwt
I0417 15:47:37.760092 16064 processor.cc:293] Processor: complete processing batch b2f94e05-ef86-4190-81db-4013c144d259 into model nwt
I0417 15:47:37.764075 16064 cuckoo_watch.h:45] 750ms in ProcessBatch(postnauka\aaaaaa.batch) [including 44ms in LoadMessage; 0ms in InitializeTheta; 0ms in CreateRegularizerAgents; 35ms in InitializeSparseNdw; 470ms in InferThetaAndUpdateNwtSparse; 194ms in CalculateScore(^^^ItemsProcessedScore^^^); ]
I0417 15:47:37.841141 16064 processor.cc:74] No data in processing queue, waiting...
I0417 15:47:38.465171  8472 processor.cc:293] Processor: complete processing batch 42cd4832-76ea-46ac-b575-419694a0e109 into model nwt
I0417 15:47:38.473158  8472 cuckoo_watch.h:45] 1456ms in ProcessBatch(postnauka\aaaaab.batch) [including 82ms in LoadMessage; 0ms in InitializeTheta; 0ms in CreateRegularizerAgents; 62ms in InitializeSparseNdw; 943ms in InferThetaAndUpdateNwtSparse; 358ms in CalculateScore(^^^ItemsProcessedScore^^^); ]
I0417 15:47:38.477313  4664 master_component.cc:1496] RegularizeModelArgs: rwt_target_name=rwt, pwt_source_name=pwt, nwt_source_name=nwt
I0417 15:47:38.477313  4664 master_component.cc:1013] MasterComponent: start regularizing model pwt
I0417 15:47:38.550392  8472 processor.cc:74] No data in processing queue, waiting...
I0417 15:47:38.587568  4664 master_component.cc:1041] MasterComponent: complete regularizing model pwt
I0417 15:47:38.587568  4664 master_component.cc:1509] NormalizeModelArgs: pwt_target_name=pwt, nwt_source_name=nwt, rwt_source_name=rwt
I0417 15:47:38.587568  4664 master_component.cc:1045] MasterComponent: start normalizing model nwt
I0417 15:47:38.649657  4664 master_component.cc:1084] MasterComponent: complete normalizing model nwt
I0417 15:47:38.845135  4664 master_component.cc:1533] DisposeModel rwt
I0417 15:47:38.861115  4664 master_component.cc:1112] FitOffline: ItemsProcessed, num_items=1728, num_batches=2, token_weight=808522, token_weight_in_effect=808522
I0417 15:47:38.861115  4664 c_interface.cc:389] Pass FitOfflineMasterModelArgs, batch_filename_size=2, batch_weight_size=2, num_collection_passes=1, reset_nwt=yes to void (__cdecl artm::core::MasterComponent::*)(class artm::FitOfflineMasterModelArgs const & __ptr64) __ptr64
I0417 15:47:38.861115  4664 master_component.cc:1458] ProcessBatchesArgs: nwt_target_name=nwt, batch_filename_size=2, batch_size=0, batch_weight_size=2, pwt_source_name=pwt, num_document_passes=10, regularizer=(name:SmoothPhi, tau:100000), reuse_theta=no, opt_for_avx=yes, predict_class_id=, reset_nwt=yes
I0417 15:47:38.891285  6108 processor.cc:81] Processing queue has data, processing started
I0417 15:47:38.891285 16064 processor.cc:81] Processing queue has data, processing started
I0417 15:47:38.943382  6108 processor.cc:158] Processor: start processing batch b2f94e05-ef86-4190-81db-4013c144d259 into model nwt
I0417 15:47:38.976908 16064 processor.cc:158] Processor: start processing batch 42cd4832-76ea-46ac-b575-419694a0e109 into model nwt
I0417 15:47:39.615443  6108 processor.cc:293] Processor: complete processing batch b2f94e05-ef86-4190-81db-4013c144d259 into model nwt
I0417 15:47:39.619340  6108 cuckoo_watch.h:45] 729ms in ProcessBatch(postnauka\aaaaaa.batch) [including 52ms in LoadMessage; 0ms in InitializeTheta; 0ms in CreateRegularizerAgents; 29ms in InitializeSparseNdw; 447ms in InferThetaAndUpdateNwtSparse; 195ms in CalculateScore(^^^ItemsProcessedScore^^^); ]
I0417 15:47:39.727948  6108 processor.cc:74] No data in processing queue, waiting...
I0417 15:47:40.558854 16064 processor.cc:293] Processor: complete processing batch 42cd4832-76ea-46ac-b575-419694a0e109 into model nwt
I0417 15:47:40.572229 16064 cuckoo_watch.h:45] 1683ms in ProcessBatch(postnauka\aaaaab.batch) [including 86ms in LoadMessage; 0ms in InitializeTheta; 0ms in CreateRegularizerAgents; 63ms in InitializeSparseNdw; 885ms in InferThetaAndUpdateNwtSparse; 632ms in CalculateScore(^^^ItemsProcessedScore^^^); ]
I0417 15:47:40.576439  4664 master_component.cc:1496] RegularizeModelArgs: rwt_target_name=rwt, pwt_source_name=pwt, nwt_source_name=nwt
I0417 15:47:40.576439  4664 master_component.cc:1013] MasterComponent: start regularizing model pwt
I0417 15:47:40.653602 16064 processor.cc:74] No data in processing queue, waiting...
I0417 15:47:40.795536  4664 master_component.cc:1041] MasterComponent: complete regularizing model pwt
I0417 15:47:40.796530  4664 master_component.cc:1509] NormalizeModelArgs: pwt_target_name=pwt, nwt_source_name=nwt, rwt_source_name=rwt
I0417 15:47:40.796530  4664 master_component.cc:1045] MasterComponent: start normalizing model nwt
I0417 15:47:40.924073  4664 master_component.cc:1084] MasterComponent: complete normalizing model nwt
I0417 15:47:41.255182  4664 master_component.cc:1533] DisposeModel rwt
I0417 15:47:41.267786  4664 master_component.cc:1112] FitOffline: ItemsProcessed, num_items=1728, num_batches=2, token_weight=808522, token_weight_in_effect=808522
I0417 15:47:41.268905  4664 c_interface.cc:389] Pass FitOfflineMasterModelArgs, batch_filename_size=2, batch_weight_size=2, num_collection_passes=1, reset_nwt=yes to void (__cdecl artm::core::MasterComponent::*)(class artm::FitOfflineMasterModelArgs const & __ptr64) __ptr64
I0417 15:47:41.268905  4664 master_component.cc:1458] ProcessBatchesArgs: nwt_target_name=nwt, batch_filename_size=2, batch_size=0, batch_weight_size=2, pwt_source_name=pwt, num_document_passes=10, regularizer=(name:SmoothPhi, tau:100000), reuse_theta=no, opt_for_avx=yes, predict_class_id=, reset_nwt=yes
I0417 15:47:41.299017 16300 processor.cc:81] Processing queue has data, processing started
I0417 15:47:41.299017 16064 processor.cc:81] Processing queue has data, processing started
I0417 15:47:41.334008 16300 processor.cc:158] Processor: start processing batch b2f94e05-ef86-4190-81db-4013c144d259 into model nwt
I0417 15:47:41.372840 16064 processor.cc:158] Processor: start processing batch 42cd4832-76ea-46ac-b575-419694a0e109 into model nwt
I0417 15:47:41.948662 16300 processor.cc:293] Processor: complete processing batch b2f94e05-ef86-4190-81db-4013c144d259 into model nwt
I0417 15:47:41.952208 16300 cuckoo_watch.h:45] 653ms in ProcessBatch(postnauka\aaaaaa.batch) [including 35ms in LoadMessage; 0ms in InitializeTheta; 0ms in CreateRegularizerAgents; 32ms in InitializeSparseNdw; 389ms in InferThetaAndUpdateNwtSparse; 192ms in CalculateScore(^^^ItemsProcessedScore^^^); ]
I0417 15:47:42.035187 16300 processor.cc:74] No data in processing queue, waiting...
I0417 15:47:42.645853 16064 processor.cc:293] Processor: complete processing batch 42cd4832-76ea-46ac-b575-419694a0e109 into model nwt
I0417 15:47:42.653961 16064 cuckoo_watch.h:45] 1354ms in ProcessBatch(postnauka\aaaaab.batch) [including 73ms in LoadMessage; 0ms in InitializeTheta; 0ms in CreateRegularizerAgents; 58ms in InitializeSparseNdw; 861ms in InferThetaAndUpdateNwtSparse; 352ms in CalculateScore(^^^ItemsProcessedScore^^^); ]
I0417 15:47:42.659521  4664 master_component.cc:1496] RegularizeModelArgs: rwt_target_name=rwt, pwt_source_name=pwt, nwt_source_name=nwt
I0417 15:47:42.659521  4664 master_component.cc:1013] MasterComponent: start regularizing model pwt
I0417 15:47:42.750977 16064 processor.cc:74] No data in processing queue, waiting...
I0417 15:47:42.788913  4664 master_component.cc:1041] MasterComponent: complete regularizing model pwt
I0417 15:47:42.788913  4664 master_component.cc:1509] NormalizeModelArgs: pwt_target_name=pwt, nwt_source_name=nwt, rwt_source_name=rwt
