I0417 15:49:11.520197  4664 master_component.cc:1084] MasterComponent: complete normalizing model nwt
I0417 15:49:11.685019  4664 master_component.cc:1533] DisposeModel rwt
I0417 15:49:11.696992  4664 master_component.cc:1112] FitOffline: ItemsProcessed, num_items=1728, num_batches=2, token_weight=808522, token_weight_in_effect=808522
I0417 15:49:11.696992  4664 c_interface.cc:389] Pass FitOfflineMasterModelArgs, batch_filename_size=2, batch_weight_size=2, num_collection_passes=1, reset_nwt=yes to void (__cdecl artm::core::MasterComponent::*)(class artm::FitOfflineMasterModelArgs const & __ptr64) __ptr64
I0417 15:49:11.696992  4664 master_component.cc:1458] ProcessBatchesArgs: nwt_target_name=nwt, batch_filename_size=2, batch_size=0, batch_weight_size=2, pwt_source_name=pwt, num_document_passes=10, regularizer=(name:SmoothPhi, tau:100000), regularizer=(name:SparsePhi, tau:-100000), reuse_theta=no, opt_for_avx=yes, predict_class_id=, reset_nwt=yes
I0417 15:49:11.735978 10496 processor.cc:81] Processing queue has data, processing started
I0417 15:49:11.735978 17372 processor.cc:81] Processing queue has data, processing started
I0417 15:49:11.789350 10496 processor.cc:158] Processor: start processing batch b2f94e05-ef86-4190-81db-4013c144d259 into model nwt
I0417 15:49:11.826256 17372 processor.cc:158] Processor: start processing batch 42cd4832-76ea-46ac-b575-419694a0e109 into model nwt
I0417 15:49:12.530081 10496 processor.cc:293] Processor: complete processing batch b2f94e05-ef86-4190-81db-4013c144d259 into model nwt
I0417 15:49:12.534075 10496 cuckoo_watch.h:45] 801ms in ProcessBatch(postnauka\aaaaaa.batch) [including 55ms in LoadMessage; 0ms in InitializeTheta; 0ms in CreateRegularizerAgents; 31ms in InitializeSparseNdw; 481ms in InferThetaAndUpdateNwtSparse; 227ms in CalculateScore(^^^ItemsProcessedScore^^^); ]
I0417 15:49:12.611111 10496 processor.cc:74] No data in processing queue, waiting...
I0417 15:49:13.228880 17372 processor.cc:293] Processor: complete processing batch 42cd4832-76ea-46ac-b575-419694a0e109 into model nwt
I0417 15:49:13.234334 17372 cuckoo_watch.h:45] 1499ms in ProcessBatch(postnauka\aaaaab.batch) [including 92ms in LoadMessage; 0ms in InitializeTheta; 0ms in CreateRegularizerAgents; 60ms in InitializeSparseNdw; 984ms in InferThetaAndUpdateNwtSparse; 355ms in CalculateScore(^^^ItemsProcessedScore^^^); ]
I0417 15:49:13.238487  4664 master_component.cc:1496] RegularizeModelArgs: rwt_target_name=rwt, pwt_source_name=pwt, nwt_source_name=nwt
I0417 15:49:13.238487  4664 master_component.cc:1013] MasterComponent: start regularizing model pwt
I0417 15:49:13.311612 17372 processor.cc:74] No data in processing queue, waiting...
I0417 15:49:13.362051  4664 master_component.cc:1041] MasterComponent: complete regularizing model pwt
I0417 15:49:13.362051  4664 master_component.cc:1509] NormalizeModelArgs: pwt_target_name=pwt, nwt_source_name=nwt, rwt_source_name=rwt
I0417 15:49:13.362051  4664 master_component.cc:1045] MasterComponent: start normalizing model nwt
I0417 15:49:13.447074  4664 master_component.cc:1084] MasterComponent: complete normalizing model nwt
I0417 15:49:13.607661  4664 master_component.cc:1533] DisposeModel rwt
I0417 15:49:13.620887  4664 master_component.cc:1112] FitOffline: ItemsProcessed, num_items=1728, num_batches=2, token_weight=808522, token_weight_in_effect=808522
I0417 15:49:13.620887  4664 c_interface.cc:389] Pass FitOfflineMasterModelArgs, batch_filename_size=2, batch_weight_size=2, num_collection_passes=1, reset_nwt=yes to void (__cdecl artm::core::MasterComponent::*)(class artm::FitOfflineMasterModelArgs const & __ptr64) __ptr64
I0417 15:49:13.620887  4664 master_component.cc:1458] ProcessBatchesArgs: nwt_target_name=nwt, batch_filename_size=2, batch_size=0, batch_weight_size=2, pwt_source_name=pwt, num_document_passes=10, regularizer=(name:SmoothPhi, tau:100000), regularizer=(name:SparsePhi, tau:-100000), reuse_theta=no, opt_for_avx=yes, predict_class_id=, reset_nwt=yes
I0417 15:49:13.659392 10496 processor.cc:81] Processing queue has data, processing started
I0417 15:49:13.659392  5156 processor.cc:81] Processing queue has data, processing started
I0417 15:49:13.691315 10496 processor.cc:158] Processor: start processing batch b2f94e05-ef86-4190-81db-4013c144d259 into model nwt
I0417 15:49:13.724601  5156 processor.cc:158] Processor: start processing batch 42cd4832-76ea-46ac-b575-419694a0e109 into model nwt
I0417 15:49:14.389940 10496 processor.cc:293] Processor: complete processing batch b2f94e05-ef86-4190-81db-4013c144d259 into model nwt
I0417 15:49:14.395169 10496 cuckoo_watch.h:45] 737ms in ProcessBatch(postnauka\aaaaaa.batch) [including 33ms in LoadMessage; 0ms in InitializeTheta; 0ms in CreateRegularizerAgents; 29ms in InitializeSparseNdw; 459ms in InferThetaAndUpdateNwtSparse; 210ms in CalculateScore(^^^ItemsProcessedScore^^^); ]
I0417 15:49:14.478440 10496 processor.cc:74] No data in processing queue, waiting...
I0417 15:49:15.105672  5156 processor.cc:293] Processor: complete processing batch 42cd4832-76ea-46ac-b575-419694a0e109 into model nwt
I0417 15:49:15.113695  5156 cuckoo_watch.h:45] 1454ms in ProcessBatch(postnauka\aaaaab.batch) [including 68ms in LoadMessage; 0ms in InitializeTheta; 0ms in CreateRegularizerAgents; 62ms in InitializeSparseNdw; 949ms in InferThetaAndUpdateNwtSparse; 365ms in CalculateScore(^^^ItemsProcessedScore^^^); ]
I0417 15:49:15.117899  4664 master_component.cc:1496] RegularizeModelArgs: rwt_target_name=rwt, pwt_source_name=pwt, nwt_source_name=nwt
I0417 15:49:15.117899  4664 master_component.cc:1013] MasterComponent: start regularizing model pwt
I0417 15:49:15.193019  5156 processor.cc:74] No data in processing queue, waiting...
I0417 15:49:15.240953  4664 master_component.cc:1041] MasterComponent: complete regularizing model pwt
I0417 15:49:15.240953  4664 master_component.cc:1509] NormalizeModelArgs: pwt_target_name=pwt, nwt_source_name=nwt, rwt_source_name=rwt
I0417 15:49:15.240953  4664 master_component.cc:1045] MasterComponent: start normalizing model nwt
I0417 15:49:15.329121  4664 master_component.cc:1084] MasterComponent: complete normalizing model nwt
I0417 15:49:15.490444  4664 master_component.cc:1533] DisposeModel rwt
I0417 15:49:15.502441  4664 master_component.cc:1112] FitOffline: ItemsProcessed, num_items=1728, num_batches=2, token_weight=808522, token_weight_in_effect=808522
I0417 15:49:15.506434  4664 c_interface.cc:389] Pass FitOfflineMasterModelArgs, batch_filename_size=2, batch_weight_size=2, num_collection_passes=1, reset_nwt=yes to void (__cdecl artm::core::MasterComponent::*)(class artm::FitOfflineMasterModelArgs const & __ptr64) __ptr64
I0417 15:49:15.506434  4664 master_component.cc:1458] ProcessBatchesArgs: nwt_target_name=nwt, batch_filename_size=2, batch_size=0, batch_weight_size=2, pwt_source_name=pwt, num_document_passes=10, regularizer=(name:SmoothPhi, tau:100000), regularizer=(name:SparsePhi, tau:-100000), reuse_theta=no, opt_for_avx=yes, predict_class_id=, reset_nwt=yes
I0417 15:49:15.543942 16064 processor.cc:81] Processing queue has data, processing started
I0417 15:49:15.543942  5156 processor.cc:81] Processing queue has data, processing started
I0417 15:49:15.573210 16064 processor.cc:158] Processor: start processing batch b2f94e05-ef86-4190-81db-4013c144d259 into model nwt
I0417 15:49:15.617189  5156 processor.cc:158] Processor: start processing batch 42cd4832-76ea-46ac-b575-419694a0e109 into model nwt
I0417 15:49:16.273118 16064 processor.cc:293] Processor: complete processing batch b2f94e05-ef86-4190-81db-4013c144d259 into model nwt
I0417 15:49:16.277161 16064 cuckoo_watch.h:45] 735ms in ProcessBatch(postnauka\aaaaaa.batch) [including 31ms in LoadMessage; 0ms in InitializeTheta; 0ms in CreateRegularizerAgents; 32ms in InitializeSparseNdw; 486ms in InferThetaAndUpdateNwtSparse; 179ms in CalculateScore(^^^ItemsProcessedScore^^^); ]
I0417 15:49:16.354423 16064 processor.cc:74] No data in processing queue, waiting...
I0417 15:49:16.980875  5156 processor.cc:293] Processor: complete processing batch 42cd4832-76ea-46ac-b575-419694a0e109 into model nwt
I0417 15:49:16.984076  5156 cuckoo_watch.h:45] 1442ms in ProcessBatch(postnauka\aaaaab.batch) [including 75ms in LoadMessage; 0ms in InitializeTheta; 0ms in CreateRegularizerAgents; 72ms in InitializeSparseNdw; 931ms in InferThetaAndUpdateNwtSparse; 357ms in CalculateScore(^^^ItemsProcessedScore^^^); ]
I0417 15:49:16.988348  4664 master_component.cc:1496] RegularizeModelArgs: rwt_target_name=rwt, pwt_source_name=pwt, nwt_source_name=nwt
I0417 15:49:16.988348  4664 master_component.cc:1013] MasterComponent: start regularizing model pwt
I0417 15:49:17.063195  5156 processor.cc:74] No data in processing queue, waiting...
I0417 15:49:17.107717  4664 master_component.cc:1041] MasterComponent: complete regularizing model pwt
I0417 15:49:17.107717  4664 master_component.cc:1509] NormalizeModelArgs: pwt_target_name=pwt, nwt_source_name=nwt, rwt_source_name=rwt
I0417 15:49:17.107717  4664 master_component.cc:1045] MasterComponent: start normalizing model nwt
I0417 15:49:17.194242  4664 master_component.cc:1084] MasterComponent: complete normalizing model nwt
I0417 15:49:17.358240  4664 master_component.cc:1533] DisposeModel rwt
I0417 15:49:17.370220  4664 master_component.cc:1112] FitOffline: ItemsProcessed, num_items=1728, num_batches=2, token_weight=808522, token_weight_in_effect=808522
